=== qdsp6 ===
make: Entering directory '/home/geoca/Documents/SP11-PROJECT/02-kernel/.golden-v33-repro/src'
make[1]: Entering directory '/home/geoca/Documents/SP11-PROJECT/02-kernel/.golden-v33-repro/src/sound/soc/qcom/qdsp6'
  CC [M]  q6dsp-common.o
  CC [M]  q6dsp-lpass-ports.o
  CC [M]  q6dsp-lpass-clocks.o
  CC [M]  q6core.o
  CC [M]  q6afe.o
  CC [M]  q6afe-dai.o
  CC [M]  q6afe-clocks.o
  CC [M]  q6adm.o
  CC [M]  q6routing.o
  CC [M]  q6asm.o
  CC [M]  q6asm-dai.o
  CC [M]  q6apm.o
  CC [M]  audioreach.o
  CC [M]  topology.o
  CC [M]  q6apm-dai.o
  CC [M]  q6apm-lpass-dais.o
  CC [M]  q6prm.o
  CC [M]  q6prm-clocks.o
  LD [M]  snd-q6dsp-common.o
  LD [M]  snd-q6apm.o
  MODPOST Module.symvers
  CC [M]  snd-q6dsp-common.mod.o
  CC [M]  q6core.mod.o
  CC [M]  q6afe.mod.o
  CC [M]  q6afe-dai.mod.o
  CC [M]  q6afe-clocks.mod.o
  CC [M]  q6adm.mod.o
  CC [M]  q6routing.mod.o
  CC [M]  q6asm.mod.o
  CC [M]  q6asm-dai.mod.o
  CC [M]  snd-q6apm.mod.o
  CC [M]  q6apm-dai.mod.o
  CC [M]  q6apm-lpass-dais.mod.o
  CC [M]  q6prm.mod.o
  CC [M]  q6prm-clocks.mod.o
  LD [M]  snd-q6dsp-common.ko
  LD [M]  q6core.ko
  LD [M]  q6afe.ko
  LD [M]  q6afe-dai.ko
  LD [M]  q6afe-clocks.ko
  LD [M]  q6adm.ko
  LD [M]  q6routing.ko
  LD [M]  q6asm.ko
  LD [M]  q6asm-dai.ko
  LD [M]  snd-q6apm.ko
  LD [M]  q6apm-dai.ko
  LD [M]  q6apm-lpass-dais.ko
  LD [M]  q6prm.ko
  LD [M]  q6prm-clocks.ko
make[1]: Leaving directory '/home/geoca/Documents/SP11-PROJECT/02-kernel/.golden-v33-repro/src/sound/soc/qcom/qdsp6'
make: Leaving directory '/home/geoca/Documents/SP11-PROJECT/02-kernel/.golden-v33-repro/src'
=== tx macro ===
make: Entering directory '/home/geoca/Documents/SP11-PROJECT/02-kernel/.golden-v33-repro/src'
make[1]: Entering directory '/home/geoca/Documents/SP11-PROJECT/02-kernel/.golden-v33-repro/src/sound/soc/codecs'
make[3]: 'snd-soc-lpass-tx-macro.mod' is up to date.
  CC [M]  lpass-tx-macro.o
  LD [M]  snd-soc-lpass-tx-macro.o
  MODPOST Module.symvers
  CC [M]  snd-soc-lpass-tx-macro.mod.o
  LD [M]  snd-soc-lpass-tx-macro.ko
make[1]: Leaving directory '/home/geoca/Documents/SP11-PROJECT/02-kernel/.golden-v33-repro/src/sound/soc/codecs'
make: Leaving directory '/home/geoca/Documents/SP11-PROJECT/02-kernel/.golden-v33-repro/src'
