# tracer: nop
#
# entries-in-buffer/entries-written: 222/222   #P:12
#
#                                _-----=> irqs-off/BH-disabled
#                               / _----=> need-resched
#                              | / _---=> hardirq/softirq
#                              || / _--=> preempt-depth
#                              ||| / _-=> migrate-disable
#                              |||| /     delay
#           TASK-PID     CPU#  |||||  TIMESTAMP  FUNCTION
#              | |         |   |||||     |         |
         alsactl-1498    [011] d....    11.793555: sp11_wsa884x_write: (_regmap_write+0x0/0x2d0) map=0xffff0008188c2000 reg=13489 val=15
         alsactl-1498    [011] d....    11.793557: <stack trace>
 => _regmap_write
 => regmap_update_bits_base
 => snd_soc_component_update_bits
 => soc_put_volsw
 => snd_soc_put_volsw
 => snd_ctl_elem_write
 => snd_ctl_ioctl
 => __arm64_sys_ioctl
 => invoke_syscall.constprop.0
 => el0_svc_common.constprop.0
 => do_el0_svc
 => el0_svc
 => el0t_64_sync_handler
 => el0t_64_sync
         alsactl-1498    [011] d....    11.793581: sp11_wsa884x_write: (_regmap_write+0x0/0x2d0) map=0xffff000814065c00 reg=13489 val=15
         alsactl-1498    [011] d....    11.793581: <stack trace>
 => _regmap_write
 => regmap_update_bits_base
 => snd_soc_component_update_bits
 => soc_put_volsw
 => snd_soc_put_volsw
 => snd_ctl_elem_write
 => snd_ctl_ioctl
 => __arm64_sys_ioctl
 => invoke_syscall.constprop.0
 => el0_svc_common.constprop.0
 => do_el0_svc
 => el0_svc
 => el0t_64_sync_handler
 => el0t_64_sync
     wireplumber-1917    [009] d....    12.462531: sp11_wsa_hw_params: (wsa884x_hw_params+0x0/0x4c8 [snd_soc_wsa884x]) substream=18446462633109206528 params=18446603338470143528 dai=18446462633444114560
     wireplumber-1917    [009] d....    12.462534: <stack trace>
 => wsa884x_hw_params
 => __soc_pcm_hw_params
 => dpcm_be_dai_hw_params
 => dpcm_fe_dai_hw_params
 => snd_pcm_hw_params
 => snd_pcm_common_ioctl
 => snd_pcm_ioctl
 => __arm64_sys_ioctl
 => invoke_syscall.constprop.0
 => el0_svc_common.constprop.0
 => do_el0_svc
 => el0_svc
 => el0t_64_sync_handler
 => el0t_64_sync
     wireplumber-1917    [009] d....    12.462553: sp11_wsa_hw_params: (wsa884x_hw_params+0x0/0x4c8 [snd_soc_wsa884x]) substream=18446462633109206528 params=18446603338470143528 dai=18446462633508663936
     wireplumber-1917    [009] d....    12.462553: <stack trace>
 => wsa884x_hw_params
 => __soc_pcm_hw_params
 => dpcm_be_dai_hw_params
 => dpcm_fe_dai_hw_params
 => snd_pcm_hw_params
 => snd_pcm_common_ioctl
 => snd_pcm_ioctl
 => __arm64_sys_ioctl
 => invoke_syscall.constprop.0
 => el0_svc_common.constprop.0
 => do_el0_svc
 => el0_svc
 => el0t_64_sync_handler
 => el0t_64_sync
     wireplumber-1917    [009] d....    12.462562: sp11_swr_hw_params: (qcom_swrm_hw_params+0x0/0x3b0 [soundwire_qcom]) substream=18446462633109206528 params=18446603338470143528 dai=18446462633444122752
     wireplumber-1917    [009] d....    12.462563: <stack trace>
 => qcom_swrm_hw_params
 => __soc_pcm_hw_params
 => dpcm_be_dai_hw_params
 => dpcm_fe_dai_hw_params
 => snd_pcm_hw_params
 => snd_pcm_common_ioctl
 => snd_pcm_ioctl
 => __arm64_sys_ioctl
 => invoke_syscall.constprop.0
 => el0_svc_common.constprop.0
 => do_el0_svc
 => el0_svc
 => el0t_64_sync_handler
 => el0t_64_sync
     wireplumber-1917    [009] d....    12.462582: sp11_wsa_hw_params: (wsa884x_hw_params+0x0/0x4c8 [snd_soc_wsa884x]) substream=18446462633436473856 params=18446603338470143528 dai=18446462633444119680
     wireplumber-1917    [009] d....    12.462582: <stack trace>
 => wsa884x_hw_params
 => __soc_pcm_hw_params
 => dpcm_be_dai_hw_params
 => dpcm_fe_dai_hw_params
 => snd_pcm_hw_params
 => snd_pcm_common_ioctl
 => snd_pcm_ioctl
 => __arm64_sys_ioctl
 => invoke_syscall.constprop.0
 => el0_svc_common.constprop.0
 => do_el0_svc
 => el0_svc
 => el0t_64_sync_handler
 => el0t_64_sync
     wireplumber-1917    [009] d....    12.462588: sp11_wsa_hw_params: (wsa884x_hw_params+0x0/0x4c8 [snd_soc_wsa884x]) substream=18446462633436473856 params=18446603338470143528 dai=18446462633508665984
     wireplumber-1917    [009] d....    12.462588: <stack trace>
 => wsa884x_hw_params
 => __soc_pcm_hw_params
 => dpcm_be_dai_hw_params
 => dpcm_fe_dai_hw_params
 => snd_pcm_hw_params
 => snd_pcm_common_ioctl
 => snd_pcm_ioctl
 => __arm64_sys_ioctl
 => invoke_syscall.constprop.0
 => el0_svc_common.constprop.0
 => do_el0_svc
 => el0_svc
 => el0t_64_sync_handler
 => el0t_64_sync
     wireplumber-1917    [009] d....    12.462593: sp11_swr_hw_params: (qcom_swrm_hw_params+0x0/0x3b0 [soundwire_qcom]) substream=18446462633436473856 params=18446603338470143528 dai=18446462633444127360
     wireplumber-1917    [009] d....    12.462593: <stack trace>
 => qcom_swrm_hw_params
 => __soc_pcm_hw_params
 => dpcm_be_dai_hw_params
 => dpcm_fe_dai_hw_params
 => snd_pcm_hw_params
 => snd_pcm_common_ioctl
 => snd_pcm_ioctl
 => __arm64_sys_ioctl
 => invoke_syscall.constprop.0
 => el0_svc_common.constprop.0
 => do_el0_svc
 => el0_svc
 => el0t_64_sync_handler
 => el0t_64_sync
     wireplumber-1917    [009] d....    12.462595: sp11_wsa_hw_params: (wsa884x_hw_params+0x0/0x4c8 [snd_soc_wsa884x]) substream=18446462633114392064 params=18446603338470143528 dai=18446462633444120192
     wireplumber-1917    [009] d....    12.462596: <stack trace>
 => wsa884x_hw_params
 => __soc_pcm_hw_params
 => dpcm_be_dai_hw_params
 => dpcm_fe_dai_hw_params
 => snd_pcm_hw_params
 => snd_pcm_common_ioctl
 => snd_pcm_ioctl
 => __arm64_sys_ioctl
 => invoke_syscall.constprop.0
 => el0_svc_common.constprop.0
 => do_el0_svc
 => el0_svc
 => el0t_64_sync_handler
 => el0t_64_sync
     wireplumber-1917    [009] d....    12.462601: sp11_wsa_hw_params: (wsa884x_hw_params+0x0/0x4c8 [snd_soc_wsa884x]) substream=18446462633114392064 params=18446603338470143528 dai=18446462633508660352
     wireplumber-1917    [009] d....    12.462601: <stack trace>
 => wsa884x_hw_params
 => __soc_pcm_hw_params
 => dpcm_be_dai_hw_params
 => dpcm_fe_dai_hw_params
 => snd_pcm_hw_params
 => snd_pcm_common_ioctl
 => snd_pcm_ioctl
 => __arm64_sys_ioctl
 => invoke_syscall.constprop.0
 => el0_svc_common.constprop.0
 => do_el0_svc
 => el0_svc
 => el0t_64_sync_handler
 => el0t_64_sync
     wireplumber-1917    [009] d....    12.462606: sp11_swr_hw_params: (qcom_swrm_hw_params+0x0/0x3b0 [soundwire_qcom]) substream=18446462633114392064 params=18446603338470143528 dai=18446462633444129408
     wireplumber-1917    [009] d....    12.462606: <stack trace>
 => qcom_swrm_hw_params
 => __soc_pcm_hw_params
 => dpcm_be_dai_hw_params
 => dpcm_fe_dai_hw_params
 => snd_pcm_hw_params
 => snd_pcm_common_ioctl
 => snd_pcm_ioctl
 => __arm64_sys_ioctl
 => invoke_syscall.constprop.0
 => el0_svc_common.constprop.0
 => do_el0_svc
 => el0_svc
 => el0t_64_sync_handler
 => el0t_64_sync
     wireplumber-1917    [009] d....    12.462625: sp11_sdw_prepare: (sdw_prepare_stream+0x0/0x340 [soundwire_bus]) stream=18446462633456111936
     wireplumber-1917    [009] d....    12.462626: <stack trace>
 => sdw_prepare_stream
 => x1e80100_snd_prepare
 => snd_soc_link_prepare
 => __soc_pcm_prepare
 => dpcm_be_dai_prepare
 => dpcm_fe_dai_prepare
 => snd_pcm_do_prepare
 => snd_pcm_action_single
 => snd_pcm_action_nonatomic
 => snd_pcm_prepare
 => snd_pcm_common_ioctl
 => snd_pcm_ioctl
 => __arm64_sys_ioctl
 => invoke_syscall.constprop.0
 => el0_svc_common.constprop.0
 => do_el0_svc
 => el0_svc
 => el0t_64_sync_handler
 => el0t_64_sync
     wireplumber-1917    [009] d....    12.467032: sp11_sdw_enable: (sdw_enable_stream+0x0/0x1e8 [soundwire_bus]) stream=18446462633456111936
     wireplumber-1917    [009] d....    12.467033: <stack trace>
 => sdw_enable_stream
 => x1e80100_snd_prepare
 => snd_soc_link_prepare
 => __soc_pcm_prepare
 => dpcm_be_dai_prepare
 => dpcm_fe_dai_prepare
 => snd_pcm_do_prepare
 => snd_pcm_action_single
 => snd_pcm_action_nonatomic
 => snd_pcm_prepare
 => snd_pcm_common_ioctl
 => snd_pcm_ioctl
 => __arm64_sys_ioctl
 => invoke_syscall.constprop.0
 => el0_svc_common.constprop.0
 => do_el0_svc
 => el0_svc
 => el0t_64_sync_handler
 => el0t_64_sync
     wireplumber-1917    [010] d....    12.471283: sp11_macro_interp: (wsa_macro_enable_interpolator+0x0/0x750 [snd_soc_lpass_wsa_macro]) widget=18446462633249626112 event=1
     wireplumber-1917    [010] d....    12.471285: <stack trace>
 => wsa_macro_enable_interpolator
 => dapm_seq_run_coalesced
 => dapm_seq_run
 => dapm_power_widgets
 => snd_soc_dapm_stream_event
 => __soc_pcm_prepare
 => dpcm_be_dai_prepare
 => dpcm_fe_dai_prepare
 => snd_pcm_do_prepare
 => snd_pcm_action_single
 => snd_pcm_action_nonatomic
 => snd_pcm_prepare
 => snd_pcm_common_ioctl
 => snd_pcm_ioctl
 => __arm64_sys_ioctl
 => invoke_syscall.constprop.0
 => el0_svc_common.constprop.0
 => do_el0_svc
 => el0_svc
 => el0t_64_sync_handler
 => el0t_64_sync
     wireplumber-1917    [010] d....    12.471294: sp11_macro_interp: (wsa_macro_enable_interpolator+0x0/0x750 [snd_soc_lpass_wsa_macro]) widget=18446462633249633792 event=1
     wireplumber-1917    [010] d....    12.471294: <stack trace>
 => wsa_macro_enable_interpolator
 => dapm_seq_run_coalesced
 => dapm_seq_run
 => dapm_power_widgets
 => snd_soc_dapm_stream_event
 => __soc_pcm_prepare
 => dpcm_be_dai_prepare
 => dpcm_fe_dai_prepare
 => snd_pcm_do_prepare
 => snd_pcm_action_single
 => snd_pcm_action_nonatomic
 => snd_pcm_prepare
 => snd_pcm_common_ioctl
 => snd_pcm_ioctl
 => __arm64_sys_ioctl
 => invoke_syscall.constprop.0
 => el0_svc_common.constprop.0
 => do_el0_svc
 => el0_svc
 => el0t_64_sync_handler
 => el0t_64_sync
     wireplumber-1917    [010] d....    12.471305: sp11_macro_interp: (wsa_macro_enable_interpolator+0x0/0x750 [snd_soc_lpass_wsa_macro]) widget=18446462633249626112 event=2
     wireplumber-1917    [010] d....    12.471306: <stack trace>
 => wsa_macro_enable_interpolator
 => dapm_seq_run_coalesced
 => dapm_seq_run
 => dapm_power_widgets
 => snd_soc_dapm_stream_event
 => __soc_pcm_prepare
 => dpcm_be_dai_prepare
 => dpcm_fe_dai_prepare
 => snd_pcm_do_prepare
 => snd_pcm_action_single
 => snd_pcm_action_nonatomic
 => snd_pcm_prepare
 => snd_pcm_common_ioctl
 => snd_pcm_ioctl
 => __arm64_sys_ioctl
 => invoke_syscall.constprop.0
 => el0_svc_common.constprop.0
 => do_el0_svc
 => el0_svc
 => el0t_64_sync_handler
 => el0t_64_sync
     wireplumber-1917    [010] d....    12.471316: sp11_macro_interp: (wsa_macro_enable_interpolator+0x0/0x750 [snd_soc_lpass_wsa_macro]) widget=18446462633249633792 event=2
     wireplumber-1917    [010] d....    12.471317: <stack trace>
 => wsa_macro_enable_interpolator
 => dapm_seq_run_coalesced
 => dapm_seq_run
 => dapm_power_widgets
 => snd_soc_dapm_stream_event
 => __soc_pcm_prepare
 => dpcm_be_dai_prepare
 => dpcm_fe_dai_prepare
 => snd_pcm_do_prepare
 => snd_pcm_action_single
 => snd_pcm_action_nonatomic
 => snd_pcm_prepare
 => snd_pcm_common_ioctl
 => snd_pcm_ioctl
 => __arm64_sys_ioctl
 => invoke_syscall.constprop.0
 => el0_svc_common.constprop.0
 => do_el0_svc
 => el0_svc
 => el0t_64_sync_handler
 => el0t_64_sync
     wireplumber-1917    [010] d....    12.471324: sp11_wsa_spkr_event: (wsa884x_spkr_event+0x0/0x290 [snd_soc_wsa884x]) widget=18446462633249337344 event=2
     wireplumber-1917    [010] d....    12.471324: <stack trace>
 => wsa884x_spkr_event
 => dapm_seq_run_coalesced
 => dapm_seq_run
 => dapm_power_widgets
 => snd_soc_dapm_stream_event
 => __soc_pcm_prepare
 => dpcm_be_dai_prepare
 => dpcm_fe_dai_prepare
 => snd_pcm_do_prepare
 => snd_pcm_action_single
 => snd_pcm_action_nonatomic
 => snd_pcm_prepare
 => snd_pcm_common_ioctl
 => snd_pcm_ioctl
 => __arm64_sys_ioctl
 => invoke_syscall.constprop.0
 => el0_svc_common.constprop.0
 => do_el0_svc
 => el0_svc
 => el0t_64_sync_handler
 => el0t_64_sync
     wireplumber-1917    [010] d....    12.471329: sp11_wsa884x_write: (_regmap_write+0x0/0x2d0) map=0xffff000814065c00 reg=13489 val=14
     wireplumber-1917    [010] d....    12.471329: <stack trace>
 => _regmap_write
 => regmap_update_bits_base
 => wsa884x_set_gain_parameters
 => wsa884x_spkr_event
 => dapm_seq_check_event
 => dapm_seq_run_coalesced
 => dapm_seq_run
 => dapm_power_widgets
 => snd_soc_dapm_stream_event
 => __soc_pcm_prepare
 => dpcm_be_dai_prepare
 => dpcm_fe_dai_prepare
 => snd_pcm_do_prepare
 => snd_pcm_action_single
 => snd_pcm_action_nonatomic
 => snd_pcm_prepare
 => snd_pcm_common_ioctl
 => snd_pcm_ioctl
 => __arm64_sys_ioctl
 => invoke_syscall.constprop.0
 => el0_svc_common.constprop.0
 => do_el0_svc
 => el0_svc
 => el0t_64_sync_handler
 => el0t_64_sync
     wireplumber-1917    [010] d....    12.471334: sp11_wsa884x_write: (_regmap_write+0x0/0x2d0) map=0xffff000814065c00 reg=13488 val=240
     wireplumber-1917    [010] d....    12.471335: <stack trace>
 => _regmap_write
 => regmap_update_bits_base
 => snd_soc_component_update_bits
 => snd_soc_component_write_field
 => wsa884x_spkr_event
 => dapm_seq_check_event
 => dapm_seq_run_coalesced
 => dapm_seq_run
 => dapm_power_widgets
 => snd_soc_dapm_stream_event
 => __soc_pcm_prepare
 => dpcm_be_dai_prepare
 => dpcm_fe_dai_prepare
 => snd_pcm_do_prepare
 => snd_pcm_action_single
 => snd_pcm_action_nonatomic
 => snd_pcm_prepare
 => snd_pcm_common_ioctl
 => snd_pcm_ioctl
 => __arm64_sys_ioctl
 => invoke_syscall.constprop.0
 => el0_svc_common.constprop.0
 => do_el0_svc
 => el0_svc
 => el0t_64_sync_handler
 => el0t_64_sync
     wireplumber-1917    [010] d....    12.471338: sp11_wsa884x_write: (_regmap_write+0x0/0x2d0) map=0xffff000814065c00 reg=12433 val=68
     wireplumber-1917    [010] d....    12.471338: <stack trace>
 => _regmap_write
 => regmap_update_bits_base
 => snd_soc_component_update_bits
 => snd_soc_component_write_field
 => wsa884x_spkr_event
 => dapm_seq_check_event
 => dapm_seq_run_coalesced
 => dapm_seq_run
 => dapm_power_widgets
 => snd_soc_dapm_stream_event
 => __soc_pcm_prepare
 => dpcm_be_dai_prepare
 => dpcm_fe_dai_prepare
 => snd_pcm_do_prepare
 => snd_pcm_action_single
 => snd_pcm_action_nonatomic
 => snd_pcm_prepare
 => snd_pcm_common_ioctl
 => snd_pcm_ioctl
 => __arm64_sys_ioctl
 => invoke_syscall.constprop.0
 => el0_svc_common.constprop.0
 => do_el0_svc
 => el0_svc
 => el0t_64_sync_handler
 => el0t_64_sync
     wireplumber-1917    [010] d....    12.471342: sp11_wsa884x_write: (_regmap_write+0x0/0x2d0) map=0xffff000814065c00 reg=13451 val=1
     wireplumber-1917    [010] d....    12.471342: <stack trace>
 => _regmap_write
 => regmap_update_bits_base
 => snd_soc_component_update_bits
 => snd_soc_component_write_field
 => wsa884x_spkr_event
 => dapm_seq_check_event
 => dapm_seq_run_coalesced
 => dapm_seq_run
 => dapm_power_widgets
 => snd_soc_dapm_stream_event
 => __soc_pcm_prepare
 => dpcm_be_dai_prepare
 => dpcm_fe_dai_prepare
 => snd_pcm_do_prepare
 => snd_pcm_action_single
 => snd_pcm_action_nonatomic
 => snd_pcm_prepare
 => snd_pcm_common_ioctl
 => snd_pcm_ioctl
 => __arm64_sys_ioctl
 => invoke_syscall.constprop.0
 => el0_svc_common.constprop.0
 => do_el0_svc
 => el0_svc
 => el0t_64_sync_handler
 => el0t_64_sync
     wireplumber-1917    [010] d....    12.471345: sp11_wsa_spkr_event: (wsa884x_spkr_event+0x0/0x290 [snd_soc_wsa884x]) widget=18446462633249336832 event=2
     wireplumber-1917    [010] d....    12.471345: <stack trace>
 => wsa884x_spkr_event
 => dapm_seq_run_coalesced
 => dapm_seq_run
 => dapm_power_widgets
 => snd_soc_dapm_stream_event
 => __soc_pcm_prepare
 => dpcm_be_dai_prepare
 => dpcm_fe_dai_prepare
 => snd_pcm_do_prepare
 => snd_pcm_action_single
 => snd_pcm_action_nonatomic
 => snd_pcm_prepare
 => snd_pcm_common_ioctl
 => snd_pcm_ioctl
 => __arm64_sys_ioctl
 => invoke_syscall.constprop.0
 => el0_svc_common.constprop.0
 => do_el0_svc
 => el0_svc
 => el0t_64_sync_handler
 => el0t_64_sync
     wireplumber-1917    [010] d....    12.471348: sp11_wsa884x_write: (_regmap_write+0x0/0x2d0) map=0xffff0008188c2000 reg=13489 val=14
     wireplumber-1917    [010] d....    12.471348: <stack trace>
 => _regmap_write
 => regmap_update_bits_base
 => wsa884x_set_gain_parameters
 => wsa884x_spkr_event
 => dapm_seq_check_event
 => dapm_seq_run_coalesced
 => dapm_seq_run
 => dapm_power_widgets
 => snd_soc_dapm_stream_event
 => __soc_pcm_prepare
 => dpcm_be_dai_prepare
 => dpcm_fe_dai_prepare
 => snd_pcm_do_prepare
 => snd_pcm_action_single
 => snd_pcm_action_nonatomic
 => snd_pcm_prepare
 => snd_pcm_common_ioctl
 => snd_pcm_ioctl
 => __arm64_sys_ioctl
 => invoke_syscall.constprop.0
 => el0_svc_common.constprop.0
 => do_el0_svc
 => el0_svc
 => el0t_64_sync_handler
 => el0t_64_sync
     wireplumber-1917    [010] d....    12.471351: sp11_wsa884x_write: (_regmap_write+0x0/0x2d0) map=0xffff0008188c2000 reg=13488 val=240
     wireplumber-1917    [010] d....    12.471352: <stack trace>
 => _regmap_write
 => regmap_update_bits_base
 => snd_soc_component_update_bits
 => snd_soc_component_write_field
 => wsa884x_spkr_event
 => dapm_seq_check_event
 => dapm_seq_run_coalesced
 => dapm_seq_run
 => dapm_power_widgets
 => snd_soc_dapm_stream_event
 => __soc_pcm_prepare
 => dpcm_be_dai_prepare
 => dpcm_fe_dai_prepare
 => snd_pcm_do_prepare
 => snd_pcm_action_single
 => snd_pcm_action_nonatomic
 => snd_pcm_prepare
 => snd_pcm_common_ioctl
 => snd_pcm_ioctl
 => __arm64_sys_ioctl
 => invoke_syscall.constprop.0
 => el0_svc_common.constprop.0
 => do_el0_svc
 => el0_svc
 => el0t_64_sync_handler
 => el0t_64_sync
     wireplumber-1917    [010] d....    12.471355: sp11_wsa884x_write: (_regmap_write+0x0/0x2d0) map=0xffff0008188c2000 reg=12433 val=68
     wireplumber-1917    [010] d....    12.471355: <stack trace>
 => _regmap_write
 => regmap_update_bits_base
 => snd_soc_component_update_bits
 => snd_soc_component_write_field
 => wsa884x_spkr_event
 => dapm_seq_check_event
 => dapm_seq_run_coalesced
 => dapm_seq_run
 => dapm_power_widgets
 => snd_soc_dapm_stream_event
 => __soc_pcm_prepare
 => dpcm_be_dai_prepare
 => dpcm_fe_dai_prepare
 => snd_pcm_do_prepare
 => snd_pcm_action_single
 => snd_pcm_action_nonatomic
 => snd_pcm_prepare
 => snd_pcm_common_ioctl
 => snd_pcm_ioctl
 => __arm64_sys_ioctl
 => invoke_syscall.constprop.0
 => el0_svc_common.constprop.0
 => do_el0_svc
 => el0_svc
 => el0t_64_sync_handler
 => el0t_64_sync
     wireplumber-1917    [010] d....    12.471358: sp11_wsa884x_write: (_regmap_write+0x0/0x2d0) map=0xffff0008188c2000 reg=13451 val=1
     wireplumber-1917    [010] d....    12.471358: <stack trace>
 => _regmap_write
 => regmap_update_bits_base
 => snd_soc_component_update_bits
 => snd_soc_component_write_field
 => wsa884x_spkr_event
 => dapm_seq_check_event
 => dapm_seq_run_coalesced
 => dapm_seq_run
 => dapm_power_widgets
 => snd_soc_dapm_stream_event
 => __soc_pcm_prepare
 => dpcm_be_dai_prepare
 => dpcm_fe_dai_prepare
 => snd_pcm_do_prepare
 => snd_pcm_action_single
 => snd_pcm_action_nonatomic
 => snd_pcm_prepare
 => snd_pcm_common_ioctl
 => snd_pcm_ioctl
 => __arm64_sys_ioctl
 => invoke_syscall.constprop.0
 => el0_svc_common.constprop.0
 => do_el0_svc
 => el0_svc
 => el0t_64_sync_handler
 => el0t_64_sync
     wireplumber-1917    [010] d....    12.471374: sp11_sdw_prepare: (sdw_prepare_stream+0x0/0x340 [soundwire_bus]) stream=18446462633454553600
     wireplumber-1917    [010] d....    12.471374: <stack trace>
 => sdw_prepare_stream
 => x1e80100_snd_prepare
 => snd_soc_link_prepare
 => __soc_pcm_prepare
 => dpcm_be_dai_prepare
 => dpcm_fe_dai_prepare
 => snd_pcm_do_prepare
 => snd_pcm_action_single
 => snd_pcm_action_nonatomic
 => snd_pcm_prepare
 => snd_pcm_common_ioctl
 => snd_pcm_ioctl
 => __arm64_sys_ioctl
 => invoke_syscall.constprop.0
 => el0_svc_common.constprop.0
 => do_el0_svc
 => el0_svc
 => el0t_64_sync_handler
 => el0t_64_sync
     wireplumber-1917    [010] d....    12.476298: sp11_sdw_enable: (sdw_enable_stream+0x0/0x1e8 [soundwire_bus]) stream=18446462633454553600
     wireplumber-1917    [010] d....    12.476298: <stack trace>
 => sdw_enable_stream
 => x1e80100_snd_prepare
 => snd_soc_link_prepare
 => __soc_pcm_prepare
 => dpcm_be_dai_prepare
 => dpcm_fe_dai_prepare
 => snd_pcm_do_prepare
 => snd_pcm_action_single
 => snd_pcm_action_nonatomic
 => snd_pcm_prepare
 => snd_pcm_common_ioctl
 => snd_pcm_ioctl
 => __arm64_sys_ioctl
 => invoke_syscall.constprop.0
 => el0_svc_common.constprop.0
 => do_el0_svc
 => el0_svc
 => el0t_64_sync_handler
 => el0t_64_sync
     wireplumber-1917    [010] d....    12.480466: sp11_sdw_prepare: (sdw_prepare_stream+0x0/0x340 [soundwire_bus]) stream=18446462633456115200
     wireplumber-1917    [010] d....    12.480468: <stack trace>
 => sdw_prepare_stream
 => x1e80100_snd_prepare
 => snd_soc_link_prepare
 => __soc_pcm_prepare
 => dpcm_be_dai_prepare
 => dpcm_fe_dai_prepare
 => snd_pcm_do_prepare
 => snd_pcm_action_single
 => snd_pcm_action_nonatomic
 => snd_pcm_prepare
 => snd_pcm_common_ioctl
 => snd_pcm_ioctl
 => __arm64_sys_ioctl
 => invoke_syscall.constprop.0
 => el0_svc_common.constprop.0
 => do_el0_svc
 => el0_svc
 => el0t_64_sync_handler
 => el0t_64_sync
     wireplumber-1917    [009] d....    12.484882: sp11_sdw_enable: (sdw_enable_stream+0x0/0x1e8 [soundwire_bus]) stream=18446462633456115200
     wireplumber-1917    [009] d....    12.484882: <stack trace>
 => sdw_enable_stream
 => x1e80100_snd_prepare
 => snd_soc_link_prepare
 => __soc_pcm_prepare
 => dpcm_be_dai_prepare
 => dpcm_fe_dai_prepare
 => snd_pcm_do_prepare
 => snd_pcm_action_single
 => snd_pcm_action_nonatomic
 => snd_pcm_prepare
 => snd_pcm_common_ioctl
 => snd_pcm_ioctl
 => __arm64_sys_ioctl
 => invoke_syscall.constprop.0
 => el0_svc_common.constprop.0
 => do_el0_svc
 => el0_svc
 => el0t_64_sync_handler
 => el0t_64_sync
     wireplumber-1917    [010] d....    12.507899: sp11_wsa_spkr_event: (wsa884x_spkr_event+0x0/0x290 [snd_soc_wsa884x]) widget=18446462633249337344 event=4
     wireplumber-1917    [010] d....    12.507902: <stack trace>
 => wsa884x_spkr_event
 => dapm_seq_run_coalesced
 => dapm_seq_run
 => dapm_power_widgets
 => snd_soc_dapm_stream_event
 => snd_soc_dapm_stream_stop
 => soc_pcm_hw_clean.isra.0
 => dpcm_be_dai_hw_free
 => dpcm_fe_dai_hw_free
 => snd_pcm_common_ioctl
 => snd_pcm_ioctl
 => __arm64_sys_ioctl
 => invoke_syscall.constprop.0
 => el0_svc_common.constprop.0
 => do_el0_svc
 => el0_svc
 => el0t_64_sync_handler
 => el0t_64_sync
     wireplumber-1917    [010] d....    12.507923: sp11_wsa884x_write: (_regmap_write+0x0/0x2d0) map=0xffff000814065c00 reg=13451 val=0
     wireplumber-1917    [010] d....    12.507924: <stack trace>
 => _regmap_write
 => regmap_update_bits_base
 => snd_soc_component_update_bits
 => snd_soc_component_write_field
 => wsa884x_spkr_event
 => dapm_seq_check_event
 => dapm_seq_run_coalesced
 => dapm_seq_run
 => dapm_power_widgets
 => snd_soc_dapm_stream_event
 => snd_soc_dapm_stream_stop
 => soc_pcm_hw_clean.isra.0
 => dpcm_be_dai_hw_free
 => dpcm_fe_dai_hw_free
 => snd_pcm_common_ioctl
 => snd_pcm_ioctl
 => __arm64_sys_ioctl
 => invoke_syscall.constprop.0
 => el0_svc_common.constprop.0
 => do_el0_svc
 => el0_svc
 => el0t_64_sync_handler
 => el0t_64_sync
     wireplumber-1917    [010] d....    12.507933: sp11_wsa_spkr_event: (wsa884x_spkr_event+0x0/0x290 [snd_soc_wsa884x]) widget=18446462633249336832 event=4
     wireplumber-1917    [010] d....    12.507934: <stack trace>
 => wsa884x_spkr_event
 => dapm_seq_run_coalesced
 => dapm_seq_run
 => dapm_power_widgets
 => snd_soc_dapm_stream_event
 => snd_soc_dapm_stream_stop
 => soc_pcm_hw_clean.isra.0
 => dpcm_be_dai_hw_free
 => dpcm_fe_dai_hw_free
 => snd_pcm_common_ioctl
 => snd_pcm_ioctl
 => __arm64_sys_ioctl
 => invoke_syscall.constprop.0
 => el0_svc_common.constprop.0
 => do_el0_svc
 => el0_svc
 => el0t_64_sync_handler
 => el0t_64_sync
     wireplumber-1917    [010] d....    12.507935: sp11_wsa884x_write: (_regmap_write+0x0/0x2d0) map=0xffff0008188c2000 reg=13451 val=0
     wireplumber-1917    [010] d....    12.507936: <stack trace>
 => _regmap_write
 => regmap_update_bits_base
 => snd_soc_component_update_bits
 => snd_soc_component_write_field
 => wsa884x_spkr_event
 => dapm_seq_check_event
 => dapm_seq_run_coalesced
 => dapm_seq_run
 => dapm_power_widgets
 => snd_soc_dapm_stream_event
 => snd_soc_dapm_stream_stop
 => soc_pcm_hw_clean.isra.0
 => dpcm_be_dai_hw_free
 => dpcm_fe_dai_hw_free
 => snd_pcm_common_ioctl
 => snd_pcm_ioctl
 => __arm64_sys_ioctl
 => invoke_syscall.constprop.0
 => el0_svc_common.constprop.0
 => do_el0_svc
 => el0_svc
 => el0t_64_sync_handler
 => el0t_64_sync
     wireplumber-1917    [010] d....    12.507951: sp11_macro_interp: (wsa_macro_enable_interpolator+0x0/0x750 [snd_soc_lpass_wsa_macro]) widget=18446462633249626112 event=8
     wireplumber-1917    [010] d....    12.507951: <stack trace>
 => wsa_macro_enable_interpolator
 => dapm_seq_run_coalesced
 => dapm_seq_run
 => dapm_power_widgets
 => snd_soc_dapm_stream_event
 => snd_soc_dapm_stream_stop
 => soc_pcm_hw_clean.isra.0
 => dpcm_be_dai_hw_free
 => dpcm_fe_dai_hw_free
 => snd_pcm_common_ioctl
 => snd_pcm_ioctl
 => __arm64_sys_ioctl
 => invoke_syscall.constprop.0
 => el0_svc_common.constprop.0
 => do_el0_svc
 => el0_svc
 => el0t_64_sync_handler
 => el0t_64_sync
     wireplumber-1917    [010] d....    12.507971: sp11_macro_interp: (wsa_macro_enable_interpolator+0x0/0x750 [snd_soc_lpass_wsa_macro]) widget=18446462633249633792 event=8
     wireplumber-1917    [010] d....    12.507971: <stack trace>
 => wsa_macro_enable_interpolator
 => dapm_seq_run_coalesced
 => dapm_seq_run
 => dapm_power_widgets
 => snd_soc_dapm_stream_event
 => snd_soc_dapm_stream_stop
 => soc_pcm_hw_clean.isra.0
 => dpcm_be_dai_hw_free
 => dpcm_fe_dai_hw_free
 => snd_pcm_common_ioctl
 => snd_pcm_ioctl
 => __arm64_sys_ioctl
 => invoke_syscall.constprop.0
 => el0_svc_common.constprop.0
 => do_el0_svc
 => el0_svc
 => el0t_64_sync_handler
 => el0t_64_sync
     wireplumber-1917    [010] d....    12.508036: sp11_sdw_disable: (sdw_disable_stream+0x0/0x258 [soundwire_bus]) stream=18446462633456111936
     wireplumber-1917    [010] d....    12.508036: <stack trace>
 => sdw_disable_stream
 => x1e80100_snd_hw_free
 => snd_soc_link_hw_free
 => soc_pcm_hw_clean.isra.0
 => dpcm_be_dai_hw_free
 => dpcm_fe_dai_hw_free
 => snd_pcm_common_ioctl
 => snd_pcm_ioctl
 => __arm64_sys_ioctl
 => invoke_syscall.constprop.0
 => el0_svc_common.constprop.0
 => do_el0_svc
 => el0_svc
 => el0t_64_sync_handler
 => el0t_64_sync
     wireplumber-1917    [010] d....    12.512513: sp11_sdw_deprepare: (sdw_deprepare_stream+0x0/0x338 [soundwire_bus]) stream=18446462633456111936
     wireplumber-1917    [010] d....    12.512513: <stack trace>
 => sdw_deprepare_stream
 => x1e80100_snd_hw_free
 => snd_soc_link_hw_free
 => soc_pcm_hw_clean.isra.0
 => dpcm_be_dai_hw_free
 => dpcm_fe_dai_hw_free
 => snd_pcm_common_ioctl
 => snd_pcm_ioctl
 => __arm64_sys_ioctl
 => invoke_syscall.constprop.0
 => el0_svc_common.constprop.0
 => do_el0_svc
 => el0_svc
 => el0t_64_sync_handler
 => el0t_64_sync
     wireplumber-1917    [010] d....    12.516929: sp11_sdw_disable: (sdw_disable_stream+0x0/0x258 [soundwire_bus]) stream=18446462633454553600
     wireplumber-1917    [010] d....    12.516930: <stack trace>
 => sdw_disable_stream
 => x1e80100_snd_hw_free
 => snd_soc_link_hw_free
 => soc_pcm_hw_clean.isra.0
 => dpcm_be_dai_hw_free
 => dpcm_fe_dai_hw_free
 => snd_pcm_common_ioctl
 => snd_pcm_ioctl
 => __arm64_sys_ioctl
 => invoke_syscall.constprop.0
 => el0_svc_common.constprop.0
 => do_el0_svc
 => el0_svc
 => el0t_64_sync_handler
 => el0t_64_sync
     wireplumber-1917    [010] d....    12.519037: sp11_sdw_deprepare: (sdw_deprepare_stream+0x0/0x338 [soundwire_bus]) stream=18446462633454553600
     wireplumber-1917    [010] d....    12.519037: <stack trace>
 => sdw_deprepare_stream
 => x1e80100_snd_hw_free
 => snd_soc_link_hw_free
 => soc_pcm_hw_clean.isra.0
 => dpcm_be_dai_hw_free
 => dpcm_fe_dai_hw_free
 => snd_pcm_common_ioctl
 => snd_pcm_ioctl
 => __arm64_sys_ioctl
 => invoke_syscall.constprop.0
 => el0_svc_common.constprop.0
 => do_el0_svc
 => el0_svc
 => el0t_64_sync_handler
 => el0t_64_sync
     wireplumber-1917    [009] d....    12.521209: sp11_sdw_disable: (sdw_disable_stream+0x0/0x258 [soundwire_bus]) stream=18446462633456115200
     wireplumber-1917    [009] d....    12.521210: <stack trace>
 => sdw_disable_stream
 => x1e80100_snd_hw_free
 => snd_soc_link_hw_free
 => soc_pcm_hw_clean.isra.0
 => dpcm_be_dai_hw_free
 => dpcm_fe_dai_hw_free
 => snd_pcm_common_ioctl
 => snd_pcm_ioctl
 => __arm64_sys_ioctl
 => invoke_syscall.constprop.0
 => el0_svc_common.constprop.0
 => do_el0_svc
 => el0_svc
 => el0t_64_sync_handler
 => el0t_64_sync
     wireplumber-1917    [009] d....    12.522534: sp11_sdw_deprepare: (sdw_deprepare_stream+0x0/0x338 [soundwire_bus]) stream=18446462633456115200
     wireplumber-1917    [009] d....    12.522534: <stack trace>
 => sdw_deprepare_stream
 => x1e80100_snd_hw_free
 => snd_soc_link_hw_free
 => soc_pcm_hw_clean.isra.0
 => dpcm_be_dai_hw_free
 => dpcm_fe_dai_hw_free
 => snd_pcm_common_ioctl
 => snd_pcm_ioctl
 => __arm64_sys_ioctl
 => invoke_syscall.constprop.0
 => el0_svc_common.constprop.0
 => do_el0_svc
 => el0_svc
 => el0t_64_sync_handler
 => el0t_64_sync
     wireplumber-1917    [010] d....    12.534773: sp11_wsa_hw_params: (wsa884x_hw_params+0x0/0x4c8 [snd_soc_wsa884x]) substream=18446462633109206528 params=18446603338470142808 dai=18446462633444114560
     wireplumber-1917    [010] d....    12.534774: <stack trace>
 => wsa884x_hw_params
 => __soc_pcm_hw_params
 => dpcm_be_dai_hw_params
 => dpcm_fe_dai_hw_params
 => snd_pcm_hw_params
 => snd_pcm_common_ioctl
 => snd_pcm_ioctl
 => __arm64_sys_ioctl
 => invoke_syscall.constprop.0
 => el0_svc_common.constprop.0
 => do_el0_svc
 => el0_svc
 => el0t_64_sync_handler
 => el0t_64_sync
     wireplumber-1917    [010] d....    12.534786: sp11_wsa_hw_params: (wsa884x_hw_params+0x0/0x4c8 [snd_soc_wsa884x]) substream=18446462633109206528 params=18446603338470142808 dai=18446462633508663936
     wireplumber-1917    [010] d....    12.534786: <stack trace>
 => wsa884x_hw_params
 => __soc_pcm_hw_params
 => dpcm_be_dai_hw_params
 => dpcm_fe_dai_hw_params
 => snd_pcm_hw_params
 => snd_pcm_common_ioctl
 => snd_pcm_ioctl
 => __arm64_sys_ioctl
 => invoke_syscall.constprop.0
 => el0_svc_common.constprop.0
 => do_el0_svc
 => el0_svc
 => el0t_64_sync_handler
 => el0t_64_sync
     wireplumber-1917    [010] d....    12.534794: sp11_swr_hw_params: (qcom_swrm_hw_params+0x0/0x3b0 [soundwire_qcom]) substream=18446462633109206528 params=18446603338470142808 dai=18446462633444122752
     wireplumber-1917    [010] d....    12.534795: <stack trace>
 => qcom_swrm_hw_params
 => __soc_pcm_hw_params
 => dpcm_be_dai_hw_params
 => dpcm_fe_dai_hw_params
 => snd_pcm_hw_params
 => snd_pcm_common_ioctl
 => snd_pcm_ioctl
 => __arm64_sys_ioctl
 => invoke_syscall.constprop.0
 => el0_svc_common.constprop.0
 => do_el0_svc
 => el0_svc
 => el0t_64_sync_handler
 => el0t_64_sync
     wireplumber-1917    [010] d....    12.534802: sp11_wsa_hw_params: (wsa884x_hw_params+0x0/0x4c8 [snd_soc_wsa884x]) substream=18446462633436473856 params=18446603338470142808 dai=18446462633444119680
     wireplumber-1917    [010] d....    12.534802: <stack trace>
 => wsa884x_hw_params
 => __soc_pcm_hw_params
 => dpcm_be_dai_hw_params
 => dpcm_fe_dai_hw_params
 => snd_pcm_hw_params
 => snd_pcm_common_ioctl
 => snd_pcm_ioctl
 => __arm64_sys_ioctl
 => invoke_syscall.constprop.0
 => el0_svc_common.constprop.0
 => do_el0_svc
 => el0_svc
 => el0t_64_sync_handler
 => el0t_64_sync
     wireplumber-1917    [010] d....    12.534807: sp11_wsa_hw_params: (wsa884x_hw_params+0x0/0x4c8 [snd_soc_wsa884x]) substream=18446462633436473856 params=18446603338470142808 dai=18446462633508665984
     wireplumber-1917    [010] d....    12.534807: <stack trace>
 => wsa884x_hw_params
 => __soc_pcm_hw_params
 => dpcm_be_dai_hw_params
 => dpcm_fe_dai_hw_params
 => snd_pcm_hw_params
 => snd_pcm_common_ioctl
 => snd_pcm_ioctl
 => __arm64_sys_ioctl
 => invoke_syscall.constprop.0
 => el0_svc_common.constprop.0
 => do_el0_svc
 => el0_svc
 => el0t_64_sync_handler
 => el0t_64_sync
     wireplumber-1917    [010] d....    12.534812: sp11_swr_hw_params: (qcom_swrm_hw_params+0x0/0x3b0 [soundwire_qcom]) substream=18446462633436473856 params=18446603338470142808 dai=18446462633444127360
     wireplumber-1917    [010] d....    12.534812: <stack trace>
 => qcom_swrm_hw_params
 => __soc_pcm_hw_params
 => dpcm_be_dai_hw_params
 => dpcm_fe_dai_hw_params
 => snd_pcm_hw_params
 => snd_pcm_common_ioctl
 => snd_pcm_ioctl
 => __arm64_sys_ioctl
 => invoke_syscall.constprop.0
 => el0_svc_common.constprop.0
 => do_el0_svc
 => el0_svc
 => el0t_64_sync_handler
 => el0t_64_sync
     wireplumber-1917    [010] d....    12.534814: sp11_wsa_hw_params: (wsa884x_hw_params+0x0/0x4c8 [snd_soc_wsa884x]) substream=18446462633114392064 params=18446603338470142808 dai=18446462633444120192
     wireplumber-1917    [010] d....    12.534814: <stack trace>
 => wsa884x_hw_params
 => __soc_pcm_hw_params
 => dpcm_be_dai_hw_params
 => dpcm_fe_dai_hw_params
 => snd_pcm_hw_params
 => snd_pcm_common_ioctl
 => snd_pcm_ioctl
 => __arm64_sys_ioctl
 => invoke_syscall.constprop.0
 => el0_svc_common.constprop.0
 => do_el0_svc
 => el0_svc
 => el0t_64_sync_handler
 => el0t_64_sync
     wireplumber-1917    [010] d....    12.534819: sp11_wsa_hw_params: (wsa884x_hw_params+0x0/0x4c8 [snd_soc_wsa884x]) substream=18446462633114392064 params=18446603338470142808 dai=18446462633508660352
     wireplumber-1917    [010] d....    12.534819: <stack trace>
 => wsa884x_hw_params
 => __soc_pcm_hw_params
 => dpcm_be_dai_hw_params
 => dpcm_fe_dai_hw_params
 => snd_pcm_hw_params
 => snd_pcm_common_ioctl
 => snd_pcm_ioctl
 => __arm64_sys_ioctl
 => invoke_syscall.constprop.0
 => el0_svc_common.constprop.0
 => do_el0_svc
 => el0_svc
 => el0t_64_sync_handler
 => el0t_64_sync
     wireplumber-1917    [010] d....    12.534823: sp11_swr_hw_params: (qcom_swrm_hw_params+0x0/0x3b0 [soundwire_qcom]) substream=18446462633114392064 params=18446603338470142808 dai=18446462633444129408
     wireplumber-1917    [010] d....    12.534823: <stack trace>
 => qcom_swrm_hw_params
 => __soc_pcm_hw_params
 => dpcm_be_dai_hw_params
 => dpcm_fe_dai_hw_params
 => snd_pcm_hw_params
 => snd_pcm_common_ioctl
 => snd_pcm_ioctl
 => __arm64_sys_ioctl
 => invoke_syscall.constprop.0
 => el0_svc_common.constprop.0
 => do_el0_svc
 => el0_svc
 => el0t_64_sync_handler
 => el0t_64_sync
     wireplumber-1917    [010] d....    12.534837: sp11_sdw_prepare: (sdw_prepare_stream+0x0/0x340 [soundwire_bus]) stream=18446462633296277120
     wireplumber-1917    [010] d....    12.534837: <stack trace>
 => sdw_prepare_stream
 => x1e80100_snd_prepare
 => snd_soc_link_prepare
 => __soc_pcm_prepare
 => dpcm_be_dai_prepare
 => dpcm_fe_dai_prepare
 => snd_pcm_do_prepare
 => snd_pcm_action_single
 => snd_pcm_action_nonatomic
 => snd_pcm_prepare
 => snd_pcm_common_ioctl
 => snd_pcm_ioctl
 => __arm64_sys_ioctl
 => invoke_syscall.constprop.0
 => el0_svc_common.constprop.0
 => do_el0_svc
 => el0_svc
 => el0t_64_sync_handler
 => el0t_64_sync
     wireplumber-1917    [011] d....    12.539305: sp11_sdw_enable: (sdw_enable_stream+0x0/0x1e8 [soundwire_bus]) stream=18446462633296277120
     wireplumber-1917    [011] d....    12.539306: <stack trace>
 => sdw_enable_stream
 => x1e80100_snd_prepare
 => snd_soc_link_prepare
 => __soc_pcm_prepare
 => dpcm_be_dai_prepare
 => dpcm_fe_dai_prepare
 => snd_pcm_do_prepare
 => snd_pcm_action_single
 => snd_pcm_action_nonatomic
 => snd_pcm_prepare
 => snd_pcm_common_ioctl
 => snd_pcm_ioctl
 => __arm64_sys_ioctl
 => invoke_syscall.constprop.0
 => el0_svc_common.constprop.0
 => do_el0_svc
 => el0_svc
 => el0t_64_sync_handler
 => el0t_64_sync
     wireplumber-1917    [011] d....    12.542377: sp11_macro_interp: (wsa_macro_enable_interpolator+0x0/0x750 [snd_soc_lpass_wsa_macro]) widget=18446462633249626112 event=1
     wireplumber-1917    [011] d....    12.542378: <stack trace>
 => wsa_macro_enable_interpolator
 => dapm_seq_run_coalesced
 => dapm_seq_run
 => dapm_power_widgets
 => snd_soc_dapm_stream_event
 => __soc_pcm_prepare
 => dpcm_be_dai_prepare
 => dpcm_fe_dai_prepare
 => snd_pcm_do_prepare
 => snd_pcm_action_single
 => snd_pcm_action_nonatomic
 => snd_pcm_prepare
 => snd_pcm_common_ioctl
 => snd_pcm_ioctl
 => __arm64_sys_ioctl
 => invoke_syscall.constprop.0
 => el0_svc_common.constprop.0
 => do_el0_svc
 => el0_svc
 => el0t_64_sync_handler
 => el0t_64_sync
     wireplumber-1917    [011] d....    12.542388: sp11_macro_interp: (wsa_macro_enable_interpolator+0x0/0x750 [snd_soc_lpass_wsa_macro]) widget=18446462633249633792 event=1
     wireplumber-1917    [011] d....    12.542388: <stack trace>
 => wsa_macro_enable_interpolator
 => dapm_seq_run_coalesced
 => dapm_seq_run
 => dapm_power_widgets
 => snd_soc_dapm_stream_event
 => __soc_pcm_prepare
 => dpcm_be_dai_prepare
 => dpcm_fe_dai_prepare
 => snd_pcm_do_prepare
 => snd_pcm_action_single
 => snd_pcm_action_nonatomic
 => snd_pcm_prepare
 => snd_pcm_common_ioctl
 => snd_pcm_ioctl
 => __arm64_sys_ioctl
 => invoke_syscall.constprop.0
 => el0_svc_common.constprop.0
 => do_el0_svc
 => el0_svc
 => el0t_64_sync_handler
 => el0t_64_sync
     wireplumber-1917    [011] d....    12.542402: sp11_macro_interp: (wsa_macro_enable_interpolator+0x0/0x750 [snd_soc_lpass_wsa_macro]) widget=18446462633249626112 event=2
     wireplumber-1917    [011] d....    12.542402: <stack trace>
 => wsa_macro_enable_interpolator
 => dapm_seq_run_coalesced
 => dapm_seq_run
 => dapm_power_widgets
 => snd_soc_dapm_stream_event
 => __soc_pcm_prepare
 => dpcm_be_dai_prepare
 => dpcm_fe_dai_prepare
 => snd_pcm_do_prepare
 => snd_pcm_action_single
 => snd_pcm_action_nonatomic
 => snd_pcm_prepare
 => snd_pcm_common_ioctl
 => snd_pcm_ioctl
 => __arm64_sys_ioctl
 => invoke_syscall.constprop.0
 => el0_svc_common.constprop.0
 => do_el0_svc
 => el0_svc
 => el0t_64_sync_handler
 => el0t_64_sync
     wireplumber-1917    [011] d....    12.542418: sp11_macro_interp: (wsa_macro_enable_interpolator+0x0/0x750 [snd_soc_lpass_wsa_macro]) widget=18446462633249633792 event=2
     wireplumber-1917    [011] d....    12.542418: <stack trace>
 => wsa_macro_enable_interpolator
 => dapm_seq_run_coalesced
 => dapm_seq_run
 => dapm_power_widgets
 => snd_soc_dapm_stream_event
 => __soc_pcm_prepare
 => dpcm_be_dai_prepare
 => dpcm_fe_dai_prepare
 => snd_pcm_do_prepare
 => snd_pcm_action_single
 => snd_pcm_action_nonatomic
 => snd_pcm_prepare
 => snd_pcm_common_ioctl
 => snd_pcm_ioctl
 => __arm64_sys_ioctl
 => invoke_syscall.constprop.0
 => el0_svc_common.constprop.0
 => do_el0_svc
 => el0_svc
 => el0t_64_sync_handler
 => el0t_64_sync
     wireplumber-1917    [011] d....    12.542427: sp11_wsa_spkr_event: (wsa884x_spkr_event+0x0/0x290 [snd_soc_wsa884x]) widget=18446462633249337344 event=2
     wireplumber-1917    [011] d....    12.542427: <stack trace>
 => wsa884x_spkr_event
 => dapm_seq_run_coalesced
 => dapm_seq_run
 => dapm_power_widgets
 => snd_soc_dapm_stream_event
 => __soc_pcm_prepare
 => dpcm_be_dai_prepare
 => dpcm_fe_dai_prepare
 => snd_pcm_do_prepare
 => snd_pcm_action_single
 => snd_pcm_action_nonatomic
 => snd_pcm_prepare
 => snd_pcm_common_ioctl
 => snd_pcm_ioctl
 => __arm64_sys_ioctl
 => invoke_syscall.constprop.0
 => el0_svc_common.constprop.0
 => do_el0_svc
 => el0_svc
 => el0t_64_sync_handler
 => el0t_64_sync
     wireplumber-1917    [011] d....    12.542432: sp11_wsa884x_write: (_regmap_write+0x0/0x2d0) map=0xffff000814065c00 reg=13451 val=1
     wireplumber-1917    [011] d....    12.542433: <stack trace>
 => _regmap_write
 => regmap_update_bits_base
 => snd_soc_component_update_bits
 => snd_soc_component_write_field
 => wsa884x_spkr_event
 => dapm_seq_check_event
 => dapm_seq_run_coalesced
 => dapm_seq_run
 => dapm_power_widgets
 => snd_soc_dapm_stream_event
 => __soc_pcm_prepare
 => dpcm_be_dai_prepare
 => dpcm_fe_dai_prepare
 => snd_pcm_do_prepare
 => snd_pcm_action_single
 => snd_pcm_action_nonatomic
 => snd_pcm_prepare
 => snd_pcm_common_ioctl
 => snd_pcm_ioctl
 => __arm64_sys_ioctl
 => invoke_syscall.constprop.0
 => el0_svc_common.constprop.0
 => do_el0_svc
 => el0_svc
 => el0t_64_sync_handler
 => el0t_64_sync
     wireplumber-1917    [011] d....    12.542440: sp11_wsa_spkr_event: (wsa884x_spkr_event+0x0/0x290 [snd_soc_wsa884x]) widget=18446462633249336832 event=2
     wireplumber-1917    [011] d....    12.542440: <stack trace>
 => wsa884x_spkr_event
 => dapm_seq_run_coalesced
 => dapm_seq_run
 => dapm_power_widgets
 => snd_soc_dapm_stream_event
 => __soc_pcm_prepare
 => dpcm_be_dai_prepare
 => dpcm_fe_dai_prepare
 => snd_pcm_do_prepare
 => snd_pcm_action_single
 => snd_pcm_action_nonatomic
 => snd_pcm_prepare
 => snd_pcm_common_ioctl
 => snd_pcm_ioctl
 => __arm64_sys_ioctl
 => invoke_syscall.constprop.0
 => el0_svc_common.constprop.0
 => do_el0_svc
 => el0_svc
 => el0t_64_sync_handler
 => el0t_64_sync
     wireplumber-1917    [011] d....    12.542443: sp11_wsa884x_write: (_regmap_write+0x0/0x2d0) map=0xffff0008188c2000 reg=13451 val=1
     wireplumber-1917    [011] d....    12.542443: <stack trace>
 => _regmap_write
 => regmap_update_bits_base
 => snd_soc_component_update_bits
 => snd_soc_component_write_field
 => wsa884x_spkr_event
 => dapm_seq_check_event
 => dapm_seq_run_coalesced
 => dapm_seq_run
 => dapm_power_widgets
 => snd_soc_dapm_stream_event
 => __soc_pcm_prepare
 => dpcm_be_dai_prepare
 => dpcm_fe_dai_prepare
 => snd_pcm_do_prepare
 => snd_pcm_action_single
 => snd_pcm_action_nonatomic
 => snd_pcm_prepare
 => snd_pcm_common_ioctl
 => snd_pcm_ioctl
 => __arm64_sys_ioctl
 => invoke_syscall.constprop.0
 => el0_svc_common.constprop.0
 => do_el0_svc
 => el0_svc
 => el0t_64_sync_handler
 => el0t_64_sync
     wireplumber-1917    [011] d....    12.542565: sp11_sdw_prepare: (sdw_prepare_stream+0x0/0x340 [soundwire_bus]) stream=18446462633296276928
     wireplumber-1917    [011] d....    12.542566: <stack trace>
 => sdw_prepare_stream
 => x1e80100_snd_prepare
 => snd_soc_link_prepare
 => __soc_pcm_prepare
 => dpcm_be_dai_prepare
 => dpcm_fe_dai_prepare
 => snd_pcm_do_prepare
 => snd_pcm_action_single
 => snd_pcm_action_nonatomic
 => snd_pcm_prepare
 => snd_pcm_common_ioctl
 => snd_pcm_ioctl
 => __arm64_sys_ioctl
 => invoke_syscall.constprop.0
 => el0_svc_common.constprop.0
 => do_el0_svc
 => el0_svc
 => el0t_64_sync_handler
 => el0t_64_sync
     wireplumber-1917    [010] d....    12.547134: sp11_sdw_enable: (sdw_enable_stream+0x0/0x1e8 [soundwire_bus]) stream=18446462633296276928
     wireplumber-1917    [010] d....    12.547137: <stack trace>
 => sdw_enable_stream
 => x1e80100_snd_prepare
 => snd_soc_link_prepare
 => __soc_pcm_prepare
 => dpcm_be_dai_prepare
 => dpcm_fe_dai_prepare
 => snd_pcm_do_prepare
 => snd_pcm_action_single
 => snd_pcm_action_nonatomic
 => snd_pcm_prepare
 => snd_pcm_common_ioctl
 => snd_pcm_ioctl
 => __arm64_sys_ioctl
 => invoke_syscall.constprop.0
 => el0_svc_common.constprop.0
 => do_el0_svc
 => el0_svc
 => el0t_64_sync_handler
 => el0t_64_sync
     wireplumber-1917    [011] d....    12.550895: sp11_sdw_prepare: (sdw_prepare_stream+0x0/0x340 [soundwire_bus]) stream=18446462633351248704
     wireplumber-1917    [011] d....    12.550896: <stack trace>
 => sdw_prepare_stream
 => x1e80100_snd_prepare
 => snd_soc_link_prepare
 => __soc_pcm_prepare
 => dpcm_be_dai_prepare
 => dpcm_fe_dai_prepare
 => snd_pcm_do_prepare
 => snd_pcm_action_single
 => snd_pcm_action_nonatomic
 => snd_pcm_prepare
 => snd_pcm_common_ioctl
 => snd_pcm_ioctl
 => __arm64_sys_ioctl
 => invoke_syscall.constprop.0
 => el0_svc_common.constprop.0
 => do_el0_svc
 => el0_svc
 => el0t_64_sync_handler
 => el0t_64_sync
     wireplumber-1917    [011] d....    12.555397: sp11_sdw_enable: (sdw_enable_stream+0x0/0x1e8 [soundwire_bus]) stream=18446462633351248704
     wireplumber-1917    [011] d....    12.555397: <stack trace>
 => sdw_enable_stream
 => x1e80100_snd_prepare
 => snd_soc_link_prepare
 => __soc_pcm_prepare
 => dpcm_be_dai_prepare
 => dpcm_fe_dai_prepare
 => snd_pcm_do_prepare
 => snd_pcm_action_single
 => snd_pcm_action_nonatomic
 => snd_pcm_prepare
 => snd_pcm_common_ioctl
 => snd_pcm_ioctl
 => __arm64_sys_ioctl
 => invoke_syscall.constprop.0
 => el0_svc_common.constprop.0
 => do_el0_svc
 => el0_svc
 => el0t_64_sync_handler
 => el0t_64_sync
     wireplumber-1917    [010] d....    12.574788: sp11_wsa_spkr_event: (wsa884x_spkr_event+0x0/0x290 [snd_soc_wsa884x]) widget=18446462633249337344 event=4
     wireplumber-1917    [010] d....    12.574790: <stack trace>
 => wsa884x_spkr_event
 => dapm_seq_run_coalesced
 => dapm_seq_run
 => dapm_power_widgets
 => snd_soc_dapm_stream_event
 => snd_soc_dapm_stream_stop
 => soc_pcm_hw_clean.isra.0
 => dpcm_be_dai_hw_free
 => dpcm_fe_dai_hw_free
 => snd_pcm_common_ioctl
 => snd_pcm_ioctl
 => __arm64_sys_ioctl
 => invoke_syscall.constprop.0
 => el0_svc_common.constprop.0
 => do_el0_svc
 => el0_svc
 => el0t_64_sync_handler
 => el0t_64_sync
     wireplumber-1917    [010] d....    12.574799: sp11_wsa884x_write: (_regmap_write+0x0/0x2d0) map=0xffff000814065c00 reg=13451 val=0
     wireplumber-1917    [010] d....    12.574800: <stack trace>
 => _regmap_write
 => regmap_update_bits_base
 => snd_soc_component_update_bits
 => snd_soc_component_write_field
 => wsa884x_spkr_event
 => dapm_seq_check_event
 => dapm_seq_run_coalesced
 => dapm_seq_run
 => dapm_power_widgets
 => snd_soc_dapm_stream_event
 => snd_soc_dapm_stream_stop
 => soc_pcm_hw_clean.isra.0
 => dpcm_be_dai_hw_free
 => dpcm_fe_dai_hw_free
 => snd_pcm_common_ioctl
 => snd_pcm_ioctl
 => __arm64_sys_ioctl
 => invoke_syscall.constprop.0
 => el0_svc_common.constprop.0
 => do_el0_svc
 => el0_svc
 => el0t_64_sync_handler
 => el0t_64_sync
     wireplumber-1917    [010] d....    12.574809: sp11_wsa_spkr_event: (wsa884x_spkr_event+0x0/0x290 [snd_soc_wsa884x]) widget=18446462633249336832 event=4
     wireplumber-1917    [010] d....    12.574809: <stack trace>
 => wsa884x_spkr_event
 => dapm_seq_run_coalesced
 => dapm_seq_run
 => dapm_power_widgets
 => snd_soc_dapm_stream_event
 => snd_soc_dapm_stream_stop
 => soc_pcm_hw_clean.isra.0
 => dpcm_be_dai_hw_free
 => dpcm_fe_dai_hw_free
 => snd_pcm_common_ioctl
 => snd_pcm_ioctl
 => __arm64_sys_ioctl
 => invoke_syscall.constprop.0
 => el0_svc_common.constprop.0
 => do_el0_svc
 => el0_svc
 => el0t_64_sync_handler
 => el0t_64_sync
     wireplumber-1917    [010] d....    12.574811: sp11_wsa884x_write: (_regmap_write+0x0/0x2d0) map=0xffff0008188c2000 reg=13451 val=0
     wireplumber-1917    [010] d....    12.574812: <stack trace>
 => _regmap_write
 => regmap_update_bits_base
 => snd_soc_component_update_bits
 => snd_soc_component_write_field
 => wsa884x_spkr_event
 => dapm_seq_check_event
 => dapm_seq_run_coalesced
 => dapm_seq_run
 => dapm_power_widgets
 => snd_soc_dapm_stream_event
 => snd_soc_dapm_stream_stop
 => soc_pcm_hw_clean.isra.0
 => dpcm_be_dai_hw_free
 => dpcm_fe_dai_hw_free
 => snd_pcm_common_ioctl
 => snd_pcm_ioctl
 => __arm64_sys_ioctl
 => invoke_syscall.constprop.0
 => el0_svc_common.constprop.0
 => do_el0_svc
 => el0_svc
 => el0t_64_sync_handler
 => el0t_64_sync
     wireplumber-1917    [010] d....    12.574827: sp11_macro_interp: (wsa_macro_enable_interpolator+0x0/0x750 [snd_soc_lpass_wsa_macro]) widget=18446462633249626112 event=8
     wireplumber-1917    [010] d....    12.574827: <stack trace>
 => wsa_macro_enable_interpolator
 => dapm_seq_run_coalesced
 => dapm_seq_run
 => dapm_power_widgets
 => snd_soc_dapm_stream_event
 => snd_soc_dapm_stream_stop
 => soc_pcm_hw_clean.isra.0
 => dpcm_be_dai_hw_free
 => dpcm_fe_dai_hw_free
 => snd_pcm_common_ioctl
 => snd_pcm_ioctl
 => __arm64_sys_ioctl
 => invoke_syscall.constprop.0
 => el0_svc_common.constprop.0
 => do_el0_svc
 => el0_svc
 => el0t_64_sync_handler
 => el0t_64_sync
     wireplumber-1917    [010] d....    12.574854: sp11_macro_interp: (wsa_macro_enable_interpolator+0x0/0x750 [snd_soc_lpass_wsa_macro]) widget=18446462633249633792 event=8
     wireplumber-1917    [010] d....    12.574854: <stack trace>
 => wsa_macro_enable_interpolator
 => dapm_seq_run_coalesced
 => dapm_seq_run
 => dapm_power_widgets
 => snd_soc_dapm_stream_event
 => snd_soc_dapm_stream_stop
 => soc_pcm_hw_clean.isra.0
 => dpcm_be_dai_hw_free
 => dpcm_fe_dai_hw_free
 => snd_pcm_common_ioctl
 => snd_pcm_ioctl
 => __arm64_sys_ioctl
 => invoke_syscall.constprop.0
 => el0_svc_common.constprop.0
 => do_el0_svc
 => el0_svc
 => el0t_64_sync_handler
 => el0t_64_sync
     wireplumber-1917    [010] d....    12.574900: sp11_sdw_disable: (sdw_disable_stream+0x0/0x258 [soundwire_bus]) stream=18446462633296277120
     wireplumber-1917    [010] d....    12.574901: <stack trace>
 => sdw_disable_stream
 => x1e80100_snd_hw_free
 => snd_soc_link_hw_free
 => soc_pcm_hw_clean.isra.0
 => dpcm_be_dai_hw_free
 => dpcm_fe_dai_hw_free
 => snd_pcm_common_ioctl
 => snd_pcm_ioctl
 => __arm64_sys_ioctl
 => invoke_syscall.constprop.0
 => el0_svc_common.constprop.0
 => do_el0_svc
 => el0_svc
 => el0t_64_sync_handler
 => el0t_64_sync
     wireplumber-1917    [010] d....    12.579477: sp11_sdw_deprepare: (sdw_deprepare_stream+0x0/0x338 [soundwire_bus]) stream=18446462633296277120
     wireplumber-1917    [010] d....    12.579477: <stack trace>
 => sdw_deprepare_stream
 => x1e80100_snd_hw_free
 => snd_soc_link_hw_free
 => soc_pcm_hw_clean.isra.0
 => dpcm_be_dai_hw_free
 => dpcm_fe_dai_hw_free
 => snd_pcm_common_ioctl
 => snd_pcm_ioctl
 => __arm64_sys_ioctl
 => invoke_syscall.constprop.0
 => el0_svc_common.constprop.0
 => do_el0_svc
 => el0_svc
 => el0t_64_sync_handler
 => el0t_64_sync
     wireplumber-1917    [010] d....    12.583990: sp11_sdw_disable: (sdw_disable_stream+0x0/0x258 [soundwire_bus]) stream=18446462633296276928
     wireplumber-1917    [010] d....    12.583991: <stack trace>
 => sdw_disable_stream
 => x1e80100_snd_hw_free
 => snd_soc_link_hw_free
 => soc_pcm_hw_clean.isra.0
 => dpcm_be_dai_hw_free
 => dpcm_fe_dai_hw_free
 => snd_pcm_common_ioctl
 => snd_pcm_ioctl
 => __arm64_sys_ioctl
 => invoke_syscall.constprop.0
 => el0_svc_common.constprop.0
 => do_el0_svc
 => el0_svc
 => el0t_64_sync_handler
 => el0t_64_sync
     wireplumber-1917    [010] d....    12.586148: sp11_sdw_deprepare: (sdw_deprepare_stream+0x0/0x338 [soundwire_bus]) stream=18446462633296276928
     wireplumber-1917    [010] d....    12.586149: <stack trace>
 => sdw_deprepare_stream
 => x1e80100_snd_hw_free
 => snd_soc_link_hw_free
 => soc_pcm_hw_clean.isra.0
 => dpcm_be_dai_hw_free
 => dpcm_fe_dai_hw_free
 => snd_pcm_common_ioctl
 => snd_pcm_ioctl
 => __arm64_sys_ioctl
 => invoke_syscall.constprop.0
 => el0_svc_common.constprop.0
 => do_el0_svc
 => el0_svc
 => el0t_64_sync_handler
 => el0t_64_sync
     wireplumber-1917    [010] d....    12.588302: sp11_sdw_disable: (sdw_disable_stream+0x0/0x258 [soundwire_bus]) stream=18446462633351248704
     wireplumber-1917    [010] d....    12.588302: <stack trace>
 => sdw_disable_stream
 => x1e80100_snd_hw_free
 => snd_soc_link_hw_free
 => soc_pcm_hw_clean.isra.0
 => dpcm_be_dai_hw_free
 => dpcm_fe_dai_hw_free
 => snd_pcm_common_ioctl
 => snd_pcm_ioctl
 => __arm64_sys_ioctl
 => invoke_syscall.constprop.0
 => el0_svc_common.constprop.0
 => do_el0_svc
 => el0_svc
 => el0t_64_sync_handler
 => el0t_64_sync
     wireplumber-1917    [010] d....    12.589653: sp11_sdw_deprepare: (sdw_deprepare_stream+0x0/0x338 [soundwire_bus]) stream=18446462633351248704
     wireplumber-1917    [010] d....    12.589653: <stack trace>
 => sdw_deprepare_stream
 => x1e80100_snd_hw_free
 => snd_soc_link_hw_free
 => soc_pcm_hw_clean.isra.0
 => dpcm_be_dai_hw_free
 => dpcm_fe_dai_hw_free
 => snd_pcm_common_ioctl
 => snd_pcm_ioctl
 => __arm64_sys_ioctl
 => invoke_syscall.constprop.0
 => el0_svc_common.constprop.0
 => do_el0_svc
 => el0_svc
 => el0t_64_sync_handler
 => el0t_64_sync
        pipewire-1892    [004] d....    12.938353: sp11_wsa_hw_params: (wsa884x_hw_params+0x0/0x4c8 [snd_soc_wsa884x]) substream=18446462633109206528 params=18446603338444878440 dai=18446462633444114560
        pipewire-1892    [004] d....    12.938356: <stack trace>
 => wsa884x_hw_params
 => __soc_pcm_hw_params
 => dpcm_be_dai_hw_params
 => dpcm_fe_dai_hw_params
 => snd_pcm_hw_params
 => snd_pcm_common_ioctl
 => snd_pcm_ioctl
 => __arm64_sys_ioctl
 => invoke_syscall.constprop.0
 => el0_svc_common.constprop.0
 => do_el0_svc
 => el0_svc
 => el0t_64_sync_handler
 => el0t_64_sync
        pipewire-1892    [004] d....    12.938371: sp11_wsa_hw_params: (wsa884x_hw_params+0x0/0x4c8 [snd_soc_wsa884x]) substream=18446462633109206528 params=18446603338444878440 dai=18446462633508663936
        pipewire-1892    [004] d....    12.938371: <stack trace>
 => wsa884x_hw_params
 => __soc_pcm_hw_params
 => dpcm_be_dai_hw_params
 => dpcm_fe_dai_hw_params
 => snd_pcm_hw_params
 => snd_pcm_common_ioctl
 => snd_pcm_ioctl
 => __arm64_sys_ioctl
 => invoke_syscall.constprop.0
 => el0_svc_common.constprop.0
 => do_el0_svc
 => el0_svc
 => el0t_64_sync_handler
 => el0t_64_sync
        pipewire-1892    [004] d....    12.938380: sp11_swr_hw_params: (qcom_swrm_hw_params+0x0/0x3b0 [soundwire_qcom]) substream=18446462633109206528 params=18446603338444878440 dai=18446462633444122752
        pipewire-1892    [004] d....    12.938381: <stack trace>
 => qcom_swrm_hw_params
 => __soc_pcm_hw_params
 => dpcm_be_dai_hw_params
 => dpcm_fe_dai_hw_params
 => snd_pcm_hw_params
 => snd_pcm_common_ioctl
 => snd_pcm_ioctl
 => __arm64_sys_ioctl
 => invoke_syscall.constprop.0
 => el0_svc_common.constprop.0
 => do_el0_svc
 => el0_svc
 => el0t_64_sync_handler
 => el0t_64_sync
        pipewire-1892    [004] d....    12.938392: sp11_wsa_hw_params: (wsa884x_hw_params+0x0/0x4c8 [snd_soc_wsa884x]) substream=18446462633436473856 params=18446603338444878440 dai=18446462633444119680
        pipewire-1892    [004] d....    12.938392: <stack trace>
 => wsa884x_hw_params
 => __soc_pcm_hw_params
 => dpcm_be_dai_hw_params
 => dpcm_fe_dai_hw_params
 => snd_pcm_hw_params
 => snd_pcm_common_ioctl
 => snd_pcm_ioctl
 => __arm64_sys_ioctl
 => invoke_syscall.constprop.0
 => el0_svc_common.constprop.0
 => do_el0_svc
 => el0_svc
 => el0t_64_sync_handler
 => el0t_64_sync
        pipewire-1892    [004] d....    12.938398: sp11_wsa_hw_params: (wsa884x_hw_params+0x0/0x4c8 [snd_soc_wsa884x]) substream=18446462633436473856 params=18446603338444878440 dai=18446462633508665984
        pipewire-1892    [004] d....    12.938398: <stack trace>
 => wsa884x_hw_params
 => __soc_pcm_hw_params
 => dpcm_be_dai_hw_params
 => dpcm_fe_dai_hw_params
 => snd_pcm_hw_params
 => snd_pcm_common_ioctl
 => snd_pcm_ioctl
 => __arm64_sys_ioctl
 => invoke_syscall.constprop.0
 => el0_svc_common.constprop.0
 => do_el0_svc
 => el0_svc
 => el0t_64_sync_handler
 => el0t_64_sync
        pipewire-1892    [004] d....    12.938403: sp11_swr_hw_params: (qcom_swrm_hw_params+0x0/0x3b0 [soundwire_qcom]) substream=18446462633436473856 params=18446603338444878440 dai=18446462633444127360
        pipewire-1892    [004] d....    12.938403: <stack trace>
 => qcom_swrm_hw_params
 => __soc_pcm_hw_params
 => dpcm_be_dai_hw_params
 => dpcm_fe_dai_hw_params
 => snd_pcm_hw_params
 => snd_pcm_common_ioctl
 => snd_pcm_ioctl
 => __arm64_sys_ioctl
 => invoke_syscall.constprop.0
 => el0_svc_common.constprop.0
 => do_el0_svc
 => el0_svc
 => el0t_64_sync_handler
 => el0t_64_sync
        pipewire-1892    [004] d....    12.938405: sp11_wsa_hw_params: (wsa884x_hw_params+0x0/0x4c8 [snd_soc_wsa884x]) substream=18446462633114392064 params=18446603338444878440 dai=18446462633444120192
        pipewire-1892    [004] d....    12.938406: <stack trace>
 => wsa884x_hw_params
 => __soc_pcm_hw_params
 => dpcm_be_dai_hw_params
 => dpcm_fe_dai_hw_params
 => snd_pcm_hw_params
 => snd_pcm_common_ioctl
 => snd_pcm_ioctl
 => __arm64_sys_ioctl
 => invoke_syscall.constprop.0
 => el0_svc_common.constprop.0
 => do_el0_svc
 => el0_svc
 => el0t_64_sync_handler
 => el0t_64_sync
        pipewire-1892    [004] d....    12.938410: sp11_wsa_hw_params: (wsa884x_hw_params+0x0/0x4c8 [snd_soc_wsa884x]) substream=18446462633114392064 params=18446603338444878440 dai=18446462633508660352
        pipewire-1892    [004] d....    12.938411: <stack trace>
 => wsa884x_hw_params
 => __soc_pcm_hw_params
 => dpcm_be_dai_hw_params
 => dpcm_fe_dai_hw_params
 => snd_pcm_hw_params
 => snd_pcm_common_ioctl
 => snd_pcm_ioctl
 => __arm64_sys_ioctl
 => invoke_syscall.constprop.0
 => el0_svc_common.constprop.0
 => do_el0_svc
 => el0_svc
 => el0t_64_sync_handler
 => el0t_64_sync
        pipewire-1892    [004] d....    12.938415: sp11_swr_hw_params: (qcom_swrm_hw_params+0x0/0x3b0 [soundwire_qcom]) substream=18446462633114392064 params=18446603338444878440 dai=18446462633444129408
        pipewire-1892    [004] d....    12.938415: <stack trace>
 => qcom_swrm_hw_params
 => __soc_pcm_hw_params
 => dpcm_be_dai_hw_params
 => dpcm_fe_dai_hw_params
 => snd_pcm_hw_params
 => snd_pcm_common_ioctl
 => snd_pcm_ioctl
 => __arm64_sys_ioctl
 => invoke_syscall.constprop.0
 => el0_svc_common.constprop.0
 => do_el0_svc
 => el0_svc
 => el0t_64_sync_handler
 => el0t_64_sync
        pipewire-1892    [004] d....    12.938447: sp11_sdw_prepare: (sdw_prepare_stream+0x0/0x340 [soundwire_bus]) stream=18446462633434216192
        pipewire-1892    [004] d....    12.938447: <stack trace>
 => sdw_prepare_stream
 => x1e80100_snd_prepare
 => snd_soc_link_prepare
 => __soc_pcm_prepare
 => dpcm_be_dai_prepare
 => dpcm_fe_dai_prepare
 => snd_pcm_do_prepare
 => snd_pcm_action_single
 => snd_pcm_action_nonatomic
 => snd_pcm_prepare
 => snd_pcm_common_ioctl
 => snd_pcm_ioctl
 => __arm64_sys_ioctl
 => invoke_syscall.constprop.0
 => el0_svc_common.constprop.0
 => do_el0_svc
 => el0_svc
 => el0t_64_sync_handler
 => el0t_64_sync
        pipewire-1892    [005] d....    12.942874: sp11_sdw_enable: (sdw_enable_stream+0x0/0x1e8 [soundwire_bus]) stream=18446462633434216192
        pipewire-1892    [005] d....    12.942875: <stack trace>
 => sdw_enable_stream
 => x1e80100_snd_prepare
 => snd_soc_link_prepare
 => __soc_pcm_prepare
 => dpcm_be_dai_prepare
 => dpcm_fe_dai_prepare
 => snd_pcm_do_prepare
 => snd_pcm_action_single
 => snd_pcm_action_nonatomic
 => snd_pcm_prepare
 => snd_pcm_common_ioctl
 => snd_pcm_ioctl
 => __arm64_sys_ioctl
 => invoke_syscall.constprop.0
 => el0_svc_common.constprop.0
 => do_el0_svc
 => el0_svc
 => el0t_64_sync_handler
 => el0t_64_sync
        pipewire-1892    [004] d....    12.945901: sp11_macro_interp: (wsa_macro_enable_interpolator+0x0/0x750 [snd_soc_lpass_wsa_macro]) widget=18446462633249626112 event=1
        pipewire-1892    [004] d....    12.945902: <stack trace>
 => wsa_macro_enable_interpolator
 => dapm_seq_run_coalesced
 => dapm_seq_run
 => dapm_power_widgets
 => snd_soc_dapm_stream_event
 => __soc_pcm_prepare
 => dpcm_be_dai_prepare
 => dpcm_fe_dai_prepare
 => snd_pcm_do_prepare
 => snd_pcm_action_single
 => snd_pcm_action_nonatomic
 => snd_pcm_prepare
 => snd_pcm_common_ioctl
 => snd_pcm_ioctl
 => __arm64_sys_ioctl
 => invoke_syscall.constprop.0
 => el0_svc_common.constprop.0
 => do_el0_svc
 => el0_svc
 => el0t_64_sync_handler
 => el0t_64_sync
        pipewire-1892    [004] d....    12.945909: sp11_macro_interp: (wsa_macro_enable_interpolator+0x0/0x750 [snd_soc_lpass_wsa_macro]) widget=18446462633249633792 event=1
        pipewire-1892    [004] d....    12.945909: <stack trace>
 => wsa_macro_enable_interpolator
 => dapm_seq_run_coalesced
 => dapm_seq_run
 => dapm_power_widgets
 => snd_soc_dapm_stream_event
 => __soc_pcm_prepare
 => dpcm_be_dai_prepare
 => dpcm_fe_dai_prepare
 => snd_pcm_do_prepare
 => snd_pcm_action_single
 => snd_pcm_action_nonatomic
 => snd_pcm_prepare
 => snd_pcm_common_ioctl
 => snd_pcm_ioctl
 => __arm64_sys_ioctl
 => invoke_syscall.constprop.0
 => el0_svc_common.constprop.0
 => do_el0_svc
 => el0_svc
 => el0t_64_sync_handler
 => el0t_64_sync
        pipewire-1892    [004] d....    12.945920: sp11_macro_interp: (wsa_macro_enable_interpolator+0x0/0x750 [snd_soc_lpass_wsa_macro]) widget=18446462633249626112 event=2
        pipewire-1892    [004] d....    12.945920: <stack trace>
 => wsa_macro_enable_interpolator
 => dapm_seq_run_coalesced
 => dapm_seq_run
 => dapm_power_widgets
 => snd_soc_dapm_stream_event
 => __soc_pcm_prepare
 => dpcm_be_dai_prepare
 => dpcm_fe_dai_prepare
 => snd_pcm_do_prepare
 => snd_pcm_action_single
 => snd_pcm_action_nonatomic
 => snd_pcm_prepare
 => snd_pcm_common_ioctl
 => snd_pcm_ioctl
 => __arm64_sys_ioctl
 => invoke_syscall.constprop.0
 => el0_svc_common.constprop.0
 => do_el0_svc
 => el0_svc
 => el0t_64_sync_handler
 => el0t_64_sync
        pipewire-1892    [004] d....    12.945935: sp11_macro_interp: (wsa_macro_enable_interpolator+0x0/0x750 [snd_soc_lpass_wsa_macro]) widget=18446462633249633792 event=2
        pipewire-1892    [004] d....    12.945936: <stack trace>
 => wsa_macro_enable_interpolator
 => dapm_seq_run_coalesced
 => dapm_seq_run
 => dapm_power_widgets
 => snd_soc_dapm_stream_event
 => __soc_pcm_prepare
 => dpcm_be_dai_prepare
 => dpcm_fe_dai_prepare
 => snd_pcm_do_prepare
 => snd_pcm_action_single
 => snd_pcm_action_nonatomic
 => snd_pcm_prepare
 => snd_pcm_common_ioctl
 => snd_pcm_ioctl
 => __arm64_sys_ioctl
 => invoke_syscall.constprop.0
 => el0_svc_common.constprop.0
 => do_el0_svc
 => el0_svc
 => el0t_64_sync_handler
 => el0t_64_sync
        pipewire-1892    [004] d....    12.945942: sp11_wsa_spkr_event: (wsa884x_spkr_event+0x0/0x290 [snd_soc_wsa884x]) widget=18446462633249337344 event=2
        pipewire-1892    [004] d....    12.945943: <stack trace>
 => wsa884x_spkr_event
 => dapm_seq_run_coalesced
 => dapm_seq_run
 => dapm_power_widgets
 => snd_soc_dapm_stream_event
 => __soc_pcm_prepare
 => dpcm_be_dai_prepare
 => dpcm_fe_dai_prepare
 => snd_pcm_do_prepare
 => snd_pcm_action_single
 => snd_pcm_action_nonatomic
 => snd_pcm_prepare
 => snd_pcm_common_ioctl
 => snd_pcm_ioctl
 => __arm64_sys_ioctl
 => invoke_syscall.constprop.0
 => el0_svc_common.constprop.0
 => do_el0_svc
 => el0_svc
 => el0t_64_sync_handler
 => el0t_64_sync
        pipewire-1892    [004] d....    12.945948: sp11_wsa884x_write: (_regmap_write+0x0/0x2d0) map=0xffff000814065c00 reg=13451 val=1
        pipewire-1892    [004] d....    12.945949: <stack trace>
 => _regmap_write
 => regmap_update_bits_base
 => snd_soc_component_update_bits
 => snd_soc_component_write_field
 => wsa884x_spkr_event
 => dapm_seq_check_event
 => dapm_seq_run_coalesced
 => dapm_seq_run
 => dapm_power_widgets
 => snd_soc_dapm_stream_event
 => __soc_pcm_prepare
 => dpcm_be_dai_prepare
 => dpcm_fe_dai_prepare
 => snd_pcm_do_prepare
 => snd_pcm_action_single
 => snd_pcm_action_nonatomic
 => snd_pcm_prepare
 => snd_pcm_common_ioctl
 => snd_pcm_ioctl
 => __arm64_sys_ioctl
 => invoke_syscall.constprop.0
 => el0_svc_common.constprop.0
 => do_el0_svc
 => el0_svc
 => el0t_64_sync_handler
 => el0t_64_sync
        pipewire-1892    [004] d....    12.945955: sp11_wsa_spkr_event: (wsa884x_spkr_event+0x0/0x290 [snd_soc_wsa884x]) widget=18446462633249336832 event=2
        pipewire-1892    [004] d....    12.945955: <stack trace>
 => wsa884x_spkr_event
 => dapm_seq_run_coalesced
 => dapm_seq_run
 => dapm_power_widgets
 => snd_soc_dapm_stream_event
 => __soc_pcm_prepare
 => dpcm_be_dai_prepare
 => dpcm_fe_dai_prepare
 => snd_pcm_do_prepare
 => snd_pcm_action_single
 => snd_pcm_action_nonatomic
 => snd_pcm_prepare
 => snd_pcm_common_ioctl
 => snd_pcm_ioctl
 => __arm64_sys_ioctl
 => invoke_syscall.constprop.0
 => el0_svc_common.constprop.0
 => do_el0_svc
 => el0_svc
 => el0t_64_sync_handler
 => el0t_64_sync
        pipewire-1892    [004] d....    12.945958: sp11_wsa884x_write: (_regmap_write+0x0/0x2d0) map=0xffff0008188c2000 reg=13451 val=1
        pipewire-1892    [004] d....    12.945958: <stack trace>
 => _regmap_write
 => regmap_update_bits_base
 => snd_soc_component_update_bits
 => snd_soc_component_write_field
 => wsa884x_spkr_event
 => dapm_seq_check_event
 => dapm_seq_run_coalesced
 => dapm_seq_run
 => dapm_power_widgets
 => snd_soc_dapm_stream_event
 => __soc_pcm_prepare
 => dpcm_be_dai_prepare
 => dpcm_fe_dai_prepare
 => snd_pcm_do_prepare
 => snd_pcm_action_single
 => snd_pcm_action_nonatomic
 => snd_pcm_prepare
 => snd_pcm_common_ioctl
 => snd_pcm_ioctl
 => __arm64_sys_ioctl
 => invoke_syscall.constprop.0
 => el0_svc_common.constprop.0
 => do_el0_svc
 => el0_svc
 => el0t_64_sync_handler
 => el0t_64_sync
        pipewire-1892    [004] d....    12.946049: sp11_sdw_prepare: (sdw_prepare_stream+0x0/0x340 [soundwire_bus]) stream=18446462633680769152
        pipewire-1892    [004] d....    12.946050: <stack trace>
 => sdw_prepare_stream
 => x1e80100_snd_prepare
 => snd_soc_link_prepare
 => __soc_pcm_prepare
 => dpcm_be_dai_prepare
 => dpcm_fe_dai_prepare
 => snd_pcm_do_prepare
 => snd_pcm_action_single
 => snd_pcm_action_nonatomic
 => snd_pcm_prepare
 => snd_pcm_common_ioctl
 => snd_pcm_ioctl
 => __arm64_sys_ioctl
 => invoke_syscall.constprop.0
 => el0_svc_common.constprop.0
 => do_el0_svc
 => el0_svc
 => el0t_64_sync_handler
 => el0t_64_sync
        pipewire-1892    [004] d....    12.950473: sp11_sdw_enable: (sdw_enable_stream+0x0/0x1e8 [soundwire_bus]) stream=18446462633680769152
        pipewire-1892    [004] d....    12.950474: <stack trace>
 => sdw_enable_stream
 => x1e80100_snd_prepare
 => snd_soc_link_prepare
 => __soc_pcm_prepare
 => dpcm_be_dai_prepare
 => dpcm_fe_dai_prepare
 => snd_pcm_do_prepare
 => snd_pcm_action_single
 => snd_pcm_action_nonatomic
 => snd_pcm_prepare
 => snd_pcm_common_ioctl
 => snd_pcm_ioctl
 => __arm64_sys_ioctl
 => invoke_syscall.constprop.0
 => el0_svc_common.constprop.0
 => do_el0_svc
 => el0_svc
 => el0t_64_sync_handler
 => el0t_64_sync
        pipewire-1892    [005] d....    12.954683: sp11_sdw_prepare: (sdw_prepare_stream+0x0/0x340 [soundwire_bus]) stream=18446462633434214592
        pipewire-1892    [005] d....    12.954684: <stack trace>
 => sdw_prepare_stream
 => x1e80100_snd_prepare
 => snd_soc_link_prepare
 => __soc_pcm_prepare
 => dpcm_be_dai_prepare
 => dpcm_fe_dai_prepare
 => snd_pcm_do_prepare
 => snd_pcm_action_single
 => snd_pcm_action_nonatomic
 => snd_pcm_prepare
 => snd_pcm_common_ioctl
 => snd_pcm_ioctl
 => __arm64_sys_ioctl
 => invoke_syscall.constprop.0
 => el0_svc_common.constprop.0
 => do_el0_svc
 => el0_svc
 => el0t_64_sync_handler
 => el0t_64_sync
        pipewire-1892    [005] d....    12.959615: sp11_sdw_enable: (sdw_enable_stream+0x0/0x1e8 [soundwire_bus]) stream=18446462633434214592
        pipewire-1892    [005] d....    12.959616: <stack trace>
 => sdw_enable_stream
 => x1e80100_snd_prepare
 => snd_soc_link_prepare
 => __soc_pcm_prepare
 => dpcm_be_dai_prepare
 => dpcm_fe_dai_prepare
 => snd_pcm_do_prepare
 => snd_pcm_action_single
 => snd_pcm_action_nonatomic
 => snd_pcm_prepare
 => snd_pcm_common_ioctl
 => snd_pcm_ioctl
 => __arm64_sys_ioctl
 => invoke_syscall.constprop.0
 => el0_svc_common.constprop.0
 => do_el0_svc
 => el0_svc
 => el0t_64_sync_handler
 => el0t_64_sync
     data-loop.0-1920    [011] d....    12.975553: sp11_wsa_mute: (wsa884x_mute_stream+0x0/0x190 [snd_soc_wsa884x]) dai=18446462633444114560 mute=0 stream=0
     data-loop.0-1920    [011] d....    12.975556: <stack trace>
 => wsa884x_mute_stream
 => snd_soc_pcm_dai_trigger
 => soc_pcm_trigger
 => dpcm_be_dai_trigger
 => dpcm_dai_trigger_fe_be
 => dpcm_fe_dai_do_trigger
 => dpcm_fe_dai_trigger
 => snd_pcm_do_start
 => snd_pcm_action_single
 => snd_pcm_action
 => snd_pcm_action_lock_irq
 => snd_pcm_common_ioctl
 => snd_pcm_ioctl
 => __arm64_sys_ioctl
 => invoke_syscall.constprop.0
 => el0_svc_common.constprop.0
 => do_el0_svc
 => el0_svc
 => el0t_64_sync_handler
 => el0t_64_sync
     data-loop.0-1920    [011] d....    12.975943: sp11_wsa884x_write: (_regmap_write+0x0/0x2d0) map=0xffff0008188c2000 reg=13489 val=15
     data-loop.0-1920    [011] d....    12.975944: <stack trace>
 => _regmap_write
 => regmap_update_bits_base
 => snd_soc_component_update_bits
 => snd_soc_component_write_field
 => wsa884x_mute_stream
 => snd_soc_dai_digital_mute
 => snd_soc_pcm_dai_trigger
 => soc_pcm_trigger
 => dpcm_be_dai_trigger
 => dpcm_dai_trigger_fe_be
 => dpcm_fe_dai_do_trigger
 => dpcm_fe_dai_trigger
 => snd_pcm_do_start
 => snd_pcm_action_single
 => snd_pcm_action
 => snd_pcm_action_lock_irq
 => snd_pcm_common_ioctl
 => snd_pcm_ioctl
 => __arm64_sys_ioctl
 => invoke_syscall.constprop.0
 => el0_svc_common.constprop.0
 => do_el0_svc
 => el0_svc
 => el0t_64_sync_handler
 => el0t_64_sync
     data-loop.0-1920    [011] d....    12.975949: sp11_wsa884x_write: (_regmap_write+0x0/0x2d0) map=0xffff0008188c2000 reg=13360 val=1
     data-loop.0-1920    [011] d....    12.975949: <stack trace>
 => _regmap_write
 => regmap_update_bits_base
 => snd_soc_component_update_bits
 => snd_soc_component_write_field
 => wsa884x_mute_stream
 => snd_soc_dai_digital_mute
 => snd_soc_pcm_dai_trigger
 => soc_pcm_trigger
 => dpcm_be_dai_trigger
 => dpcm_dai_trigger_fe_be
 => dpcm_fe_dai_do_trigger
 => dpcm_fe_dai_trigger
 => snd_pcm_do_start
 => snd_pcm_action_single
 => snd_pcm_action
 => snd_pcm_action_lock_irq
 => snd_pcm_common_ioctl
 => snd_pcm_ioctl
 => __arm64_sys_ioctl
 => invoke_syscall.constprop.0
 => el0_svc_common.constprop.0
 => do_el0_svc
 => el0_svc
 => el0t_64_sync_handler
 => el0t_64_sync
     data-loop.0-1920    [011] d....    12.977435: sp11_wsa_mute: (wsa884x_mute_stream+0x0/0x190 [snd_soc_wsa884x]) dai=18446462633508663936 mute=0 stream=0
     data-loop.0-1920    [011] d....    12.977436: <stack trace>
 => wsa884x_mute_stream
 => snd_soc_pcm_dai_trigger
 => soc_pcm_trigger
 => dpcm_be_dai_trigger
 => dpcm_dai_trigger_fe_be
 => dpcm_fe_dai_do_trigger
 => dpcm_fe_dai_trigger
 => snd_pcm_do_start
 => snd_pcm_action_single
 => snd_pcm_action
 => snd_pcm_action_lock_irq
 => snd_pcm_common_ioctl
 => snd_pcm_ioctl
 => __arm64_sys_ioctl
 => invoke_syscall.constprop.0
 => el0_svc_common.constprop.0
 => do_el0_svc
 => el0_svc
 => el0t_64_sync_handler
 => el0t_64_sync
     data-loop.0-1920    [011] d....    12.977813: sp11_wsa884x_write: (_regmap_write+0x0/0x2d0) map=0xffff000814065c00 reg=13489 val=15
     data-loop.0-1920    [011] d....    12.977814: <stack trace>
 => _regmap_write
 => regmap_update_bits_base
 => snd_soc_component_update_bits
 => snd_soc_component_write_field
 => wsa884x_mute_stream
 => snd_soc_dai_digital_mute
 => snd_soc_pcm_dai_trigger
 => soc_pcm_trigger
 => dpcm_be_dai_trigger
 => dpcm_dai_trigger_fe_be
 => dpcm_fe_dai_do_trigger
 => dpcm_fe_dai_trigger
 => snd_pcm_do_start
 => snd_pcm_action_single
 => snd_pcm_action
 => snd_pcm_action_lock_irq
 => snd_pcm_common_ioctl
 => snd_pcm_ioctl
 => __arm64_sys_ioctl
 => invoke_syscall.constprop.0
 => el0_svc_common.constprop.0
 => do_el0_svc
 => el0_svc
 => el0t_64_sync_handler
 => el0t_64_sync
     data-loop.0-1920    [011] d....    12.977817: sp11_wsa884x_write: (_regmap_write+0x0/0x2d0) map=0xffff000814065c00 reg=13360 val=1
     data-loop.0-1920    [011] d....    12.977817: <stack trace>
 => _regmap_write
 => regmap_update_bits_base
 => snd_soc_component_update_bits
 => snd_soc_component_write_field
 => wsa884x_mute_stream
 => snd_soc_dai_digital_mute
 => snd_soc_pcm_dai_trigger
 => soc_pcm_trigger
 => dpcm_be_dai_trigger
 => dpcm_dai_trigger_fe_be
 => dpcm_fe_dai_do_trigger
 => dpcm_fe_dai_trigger
 => snd_pcm_do_start
 => snd_pcm_action_single
 => snd_pcm_action
 => snd_pcm_action_lock_irq
 => snd_pcm_common_ioctl
 => snd_pcm_ioctl
 => __arm64_sys_ioctl
 => invoke_syscall.constprop.0
 => el0_svc_common.constprop.0
 => do_el0_svc
 => el0_svc
 => el0t_64_sync_handler
 => el0t_64_sync
     data-loop.0-1920    [011] d....    12.979300: sp11_wsa_mute: (wsa884x_mute_stream+0x0/0x190 [snd_soc_wsa884x]) dai=18446462633444119680 mute=0 stream=0
     data-loop.0-1920    [011] d....    12.979301: <stack trace>
 => wsa884x_mute_stream
 => snd_soc_pcm_dai_trigger
 => soc_pcm_trigger
 => dpcm_be_dai_trigger
 => dpcm_dai_trigger_fe_be
 => dpcm_fe_dai_do_trigger
 => dpcm_fe_dai_trigger
 => snd_pcm_do_start
 => snd_pcm_action_single
 => snd_pcm_action
 => snd_pcm_action_lock_irq
 => snd_pcm_common_ioctl
 => snd_pcm_ioctl
 => __arm64_sys_ioctl
 => invoke_syscall.constprop.0
 => el0_svc_common.constprop.0
 => do_el0_svc
 => el0_svc
 => el0t_64_sync_handler
 => el0t_64_sync
     data-loop.0-1920    [011] d....    12.979301: sp11_wsa_mute: (wsa884x_mute_stream+0x0/0x190 [snd_soc_wsa884x]) dai=18446462633508665984 mute=0 stream=0
     data-loop.0-1920    [011] d....    12.979301: <stack trace>
 => wsa884x_mute_stream
 => snd_soc_pcm_dai_trigger
 => soc_pcm_trigger
 => dpcm_be_dai_trigger
 => dpcm_dai_trigger_fe_be
 => dpcm_fe_dai_do_trigger
 => dpcm_fe_dai_trigger
 => snd_pcm_do_start
 => snd_pcm_action_single
 => snd_pcm_action
 => snd_pcm_action_lock_irq
 => snd_pcm_common_ioctl
 => snd_pcm_ioctl
 => __arm64_sys_ioctl
 => invoke_syscall.constprop.0
 => el0_svc_common.constprop.0
 => do_el0_svc
 => el0_svc
 => el0t_64_sync_handler
 => el0t_64_sync
     data-loop.0-1920    [011] d....    12.979304: sp11_wsa_mute: (wsa884x_mute_stream+0x0/0x190 [snd_soc_wsa884x]) dai=18446462633444120192 mute=0 stream=0
     data-loop.0-1920    [011] d....    12.979304: <stack trace>
 => wsa884x_mute_stream
 => snd_soc_pcm_dai_trigger
 => soc_pcm_trigger
 => dpcm_be_dai_trigger
 => dpcm_dai_trigger_fe_be
 => dpcm_fe_dai_do_trigger
 => dpcm_fe_dai_trigger
 => snd_pcm_do_start
 => snd_pcm_action_single
 => snd_pcm_action
 => snd_pcm_action_lock_irq
 => snd_pcm_common_ioctl
 => snd_pcm_ioctl
 => __arm64_sys_ioctl
 => invoke_syscall.constprop.0
 => el0_svc_common.constprop.0
 => do_el0_svc
 => el0_svc
 => el0t_64_sync_handler
 => el0t_64_sync
     data-loop.0-1920    [011] d....    12.979304: sp11_wsa_mute: (wsa884x_mute_stream+0x0/0x190 [snd_soc_wsa884x]) dai=18446462633508660352 mute=0 stream=0
     data-loop.0-1920    [011] d....    12.979305: <stack trace>
 => wsa884x_mute_stream
 => snd_soc_pcm_dai_trigger
 => soc_pcm_trigger
 => dpcm_be_dai_trigger
 => dpcm_dai_trigger_fe_be
 => dpcm_fe_dai_do_trigger
 => dpcm_fe_dai_trigger
 => snd_pcm_do_start
 => snd_pcm_action_single
 => snd_pcm_action
 => snd_pcm_action_lock_irq
 => snd_pcm_common_ioctl
 => snd_pcm_ioctl
 => __arm64_sys_ioctl
 => invoke_syscall.constprop.0
 => el0_svc_common.constprop.0
 => do_el0_svc
 => el0_svc
 => el0t_64_sync_handler
 => el0t_64_sync
