# tracer: nop
#
# entries-in-buffer/entries-written: 44/44   #P:12
#
#                                _-----=> irqs-off/BH-disabled
#                               / _----=> need-resched
#                              | / _---=> hardirq/softirq
#                              || / _--=> preempt-depth
#                              ||| / _-=> migrate-disable
#                              |||| /     delay
#           TASK-PID     CPU#  |||||  TIMESTAMP  FUNCTION
#              | |         |   |||||     |         |
        pipewire-1797    [004] d....   843.997774: sp11_swr_resume: (swrm_runtime_resume+0x0/0x280 [soundwire_qcom]) dev=18446462633119435792
        pipewire-1797    [004] d....   844.004453: sp11_wsa_hw_params: (wsa884x_hw_params+0x0/0x578 [snd_soc_wsa884x]) substream=18446462633525771776 params=18446603338469487368 dai=18446462633525725312
        pipewire-1797    [004] d....   844.004471: sp11_wsa_hw_params: (wsa884x_hw_params+0x0/0x578 [snd_soc_wsa884x]) substream=18446462633525771776 params=18446603338469487368 dai=18446462633577062528
        pipewire-1797    [004] d....   844.004482: sp11_swr_hw_params: (qcom_swrm_hw_params+0x0/0x3b0 [soundwire_qcom]) substream=18446462633525771776 params=18446603338469487368 dai=18446462633458034304
        pipewire-1797    [004] d....   844.004493: sp11_wsa_hw_params: (wsa884x_hw_params+0x0/0x578 [snd_soc_wsa884x]) substream=18446462633525766656 params=18446603338469487368 dai=18446462633525726848
        pipewire-1797    [004] d....   844.004500: sp11_wsa_hw_params: (wsa884x_hw_params+0x0/0x578 [snd_soc_wsa884x]) substream=18446462633525766656 params=18446603338469487368 dai=18446462633577068160
        pipewire-1797    [004] d....   844.004506: sp11_swr_hw_params: (qcom_swrm_hw_params+0x0/0x3b0 [soundwire_qcom]) substream=18446462633525766656 params=18446603338469487368 dai=18446462633458030720
        pipewire-1797    [004] d....   844.004508: sp11_wsa_hw_params: (wsa884x_hw_params+0x0/0x578 [snd_soc_wsa884x]) substream=18446462633525764608 params=18446603338469487368 dai=18446462633525729920
        pipewire-1797    [004] d....   844.004515: sp11_wsa_hw_params: (wsa884x_hw_params+0x0/0x578 [snd_soc_wsa884x]) substream=18446462633525764608 params=18446603338469487368 dai=18446462633577058432
        pipewire-1797    [004] d....   844.004521: sp11_swr_hw_params: (qcom_swrm_hw_params+0x0/0x3b0 [soundwire_qcom]) substream=18446462633525764608 params=18446603338469487368 dai=18446462633523036288
        pipewire-1797    [004] d....   844.004566: sp11_sdw_prepare: (sdw_prepare_stream+0x0/0x340 [soundwire_bus]) stream=18446462633562623552
        pipewire-1797    [007] d....   844.009137: sp11_sdw_enable: (sdw_enable_stream+0x0/0x1e8 [soundwire_bus]) stream=18446462633562623552
        pipewire-1797    [007] d....   844.012337: sp11_macro_interp: (wsa_macro_enable_interpolator+0x0/0x918 [snd_soc_lpass_wsa_macro]) widget=18446462633305554944 event=1
        pipewire-1797    [007] d....   844.012342: sp11_macro_interp: (wsa_macro_enable_interpolator+0x0/0x918 [snd_soc_lpass_wsa_macro]) widget=18446462633305555456 event=1
        pipewire-1797    [007] d....   844.012349: sp11_macro_interp: (wsa_macro_enable_interpolator+0x0/0x918 [snd_soc_lpass_wsa_macro]) widget=18446462633305554944 event=2
        pipewire-1797    [007] d....   844.012360: sp11_macro_interp: (wsa_macro_enable_interpolator+0x0/0x918 [snd_soc_lpass_wsa_macro]) widget=18446462633305555456 event=2
        pipewire-1797    [007] d....   844.012368: sp11_wsa_spkr_event: (wsa884x_spkr_event+0x0/0x290 [snd_soc_wsa884x]) widget=18446462633305549312 event=2
        pipewire-1797    [007] d....   844.012383: sp11_wsa_spkr_event: (wsa884x_spkr_event+0x0/0x290 [snd_soc_wsa884x]) widget=18446462633305545728 event=2
        pipewire-1797    [007] d....   844.012457: sp11_sdw_prepare: (sdw_prepare_stream+0x0/0x340 [soundwire_bus]) stream=18446462633562621760
        pipewire-1797    [007] d....   844.016986: sp11_sdw_enable: (sdw_enable_stream+0x0/0x1e8 [soundwire_bus]) stream=18446462633562621760
        pipewire-1797    [007] d....   844.020743: sp11_sdw_prepare: (sdw_prepare_stream+0x0/0x340 [soundwire_bus]) stream=18446462633169130240
        pipewire-1797    [007] d....   844.025365: sp11_sdw_enable: (sdw_enable_stream+0x0/0x1e8 [soundwire_bus]) stream=18446462633169130240
     data-loop.0-1828    [001] d....   844.048378: sp11_wsa_mute: (wsa884x_mute_stream+0x0/0x230 [snd_soc_wsa884x]) dai=18446462633525725312 mute=0 stream=0
     data-loop.0-1828    [001] d....   844.050338: sp11_wsa_mute: (wsa884x_mute_stream+0x0/0x230 [snd_soc_wsa884x]) dai=18446462633577062528 mute=0 stream=0
     data-loop.0-1828    [001] d....   844.052277: sp11_wsa_mute: (wsa884x_mute_stream+0x0/0x230 [snd_soc_wsa884x]) dai=18446462633525726848 mute=0 stream=0
     data-loop.0-1828    [001] d....   844.052278: sp11_wsa_mute: (wsa884x_mute_stream+0x0/0x230 [snd_soc_wsa884x]) dai=18446462633577068160 mute=0 stream=0
     data-loop.0-1828    [001] d....   844.052283: sp11_wsa_mute: (wsa884x_mute_stream+0x0/0x230 [snd_soc_wsa884x]) dai=18446462633525729920 mute=0 stream=0
     data-loop.0-1828    [001] d....   844.052284: sp11_wsa_mute: (wsa884x_mute_stream+0x0/0x230 [snd_soc_wsa884x]) dai=18446462633577058432 mute=0 stream=0
        pipewire-1797    [011] d....   868.057514: sp11_wsa_mute: (wsa884x_mute_stream+0x0/0x230 [snd_soc_wsa884x]) dai=18446462633525725312 mute=1 stream=0
        pipewire-1797    [011] d....   868.057548: sp11_wsa_mute: (wsa884x_mute_stream+0x0/0x230 [snd_soc_wsa884x]) dai=18446462633577062528 mute=1 stream=0
        pipewire-1797    [011] d....   868.057569: sp11_wsa_mute: (wsa884x_mute_stream+0x0/0x230 [snd_soc_wsa884x]) dai=18446462633525726848 mute=1 stream=0
        pipewire-1797    [011] d....   868.057571: sp11_wsa_mute: (wsa884x_mute_stream+0x0/0x230 [snd_soc_wsa884x]) dai=18446462633577068160 mute=1 stream=0
        pipewire-1797    [011] d....   868.057576: sp11_wsa_mute: (wsa884x_mute_stream+0x0/0x230 [snd_soc_wsa884x]) dai=18446462633525729920 mute=1 stream=0
        pipewire-1797    [011] d....   868.057578: sp11_wsa_mute: (wsa884x_mute_stream+0x0/0x230 [snd_soc_wsa884x]) dai=18446462633577058432 mute=1 stream=0
        pipewire-1797    [011] d....   868.058383: sp11_wsa_spkr_event: (wsa884x_spkr_event+0x0/0x290 [snd_soc_wsa884x]) widget=18446462633305549312 event=4
        pipewire-1797    [011] d....   868.058401: sp11_wsa_spkr_event: (wsa884x_spkr_event+0x0/0x290 [snd_soc_wsa884x]) widget=18446462633305545728 event=4
        pipewire-1797    [011] d....   868.058534: sp11_macro_interp: (wsa_macro_enable_interpolator+0x0/0x918 [snd_soc_lpass_wsa_macro]) widget=18446462633305554944 event=8
        pipewire-1797    [011] d....   868.058555: sp11_macro_interp: (wsa_macro_enable_interpolator+0x0/0x918 [snd_soc_lpass_wsa_macro]) widget=18446462633305555456 event=8
        pipewire-1797    [011] d....   868.058708: sp11_sdw_disable: (sdw_disable_stream+0x0/0x258 [soundwire_bus]) stream=18446462633562623552
        pipewire-1797    [011] d....   868.063657: sp11_sdw_deprepare: (sdw_deprepare_stream+0x0/0x338 [soundwire_bus]) stream=18446462633562623552
        pipewire-1797    [011] d....   868.070572: sp11_sdw_disable: (sdw_disable_stream+0x0/0x258 [soundwire_bus]) stream=18446462633562621760
        pipewire-1797    [011] d....   868.073844: sp11_sdw_deprepare: (sdw_deprepare_stream+0x0/0x338 [soundwire_bus]) stream=18446462633562621760
        pipewire-1797    [011] d....   868.080190: sp11_sdw_disable: (sdw_disable_stream+0x0/0x258 [soundwire_bus]) stream=18446462633169130240
        pipewire-1797    [011] d....   868.085226: sp11_sdw_deprepare: (sdw_deprepare_stream+0x0/0x338 [soundwire_bus]) stream=18446462633169130240
