# tracer: nop
#
# entries-in-buffer/entries-written: 134/134   #P:12
#
#                                _-----=> irqs-off/BH-disabled
#                               / _----=> need-resched
#                              | / _---=> hardirq/softirq
#                              || / _--=> preempt-depth
#                              ||| / _-=> migrate-disable
#                              |||| /     delay
#           TASK-PID     CPU#  |||||  TIMESTAMP  FUNCTION
#              | |         |   |||||     |         |
             tee-25259   [002] ...1.   542.409012: tracing_mark_write: V21_REGTRACE_BEGIN
        pipewire-1857    [003] d....   542.434482: sp11_swr_resume: (swrm_runtime_resume+0x0/0x280 [soundwire_qcom]) dev=18446462633127747600
        pipewire-1857    [003] d....   542.441204: sp11_wsa_hw_params: (wsa884x_hw_params+0x0/0x5d8 [snd_soc_wsa884x]) substream=18446462633497239040 params=18446603338466243832 dai=18446462633113476736
        pipewire-1857    [003] d....   542.441208: v21_regwrite: (_regmap_write+0x0/0x2d0) map=18446462633469000704 reg=12299 val=209
        pipewire-1857    [003] d....   542.441220: v21_regwrite: (_regmap_write+0x0/0x2d0) map=18446462633469000704 reg=12293 val=51
        pipewire-1857    [003] d....   542.441224: v21_regwrite: (_regmap_write+0x0/0x2d0) map=18446462633469000704 reg=12294 val=96
        pipewire-1857    [003] d....   542.441229: v21_regwrite: (_regmap_write+0x0/0x2d0) map=18446462633469000704 reg=12291 val=34
        pipewire-1857    [003] d....   542.441233: v21_regwrite: (_regmap_write+0x0/0x2d0) map=18446462633469000704 reg=12292 val=68
        pipewire-1857    [003] d....   542.441237: v21_regwrite: (_regmap_write+0x0/0x2d0) map=18446462633469000704 reg=12448 val=248
        pipewire-1857    [003] d....   542.441242: v21_regwrite: (_regmap_write+0x0/0x2d0) map=18446462633469000704 reg=12432 val=106
        pipewire-1857    [003] d....   542.441246: v21_regwrite: (_regmap_write+0x0/0x2d0) map=18446462633469000704 reg=12458 val=227
        pipewire-1857    [003] d....   542.441251: v21_regwrite: (_regmap_write+0x0/0x2d0) map=18446462633469000704 reg=12433 val=212
        pipewire-1857    [003] d....   542.441255: v21_regwrite: (_regmap_write+0x0/0x2d0) map=18446462633469000704 reg=12352 val=210
        pipewire-1857    [003] d....   542.441259: v21_regwrite: (_regmap_write+0x0/0x2d0) map=18446462633469000704 reg=12364 val=246
        pipewire-1857    [003] d....   542.441263: v21_regwrite: (_regmap_write+0x0/0x2d0) map=18446462633469000704 reg=12357 val=6
        pipewire-1857    [003] d....   542.441268: v21_regwrite: (_regmap_write+0x0/0x2d0) map=18446462633469000704 reg=12358 val=20
        pipewire-1857    [003] d....   542.441272: v21_regwrite: (_regmap_write+0x0/0x2d0) map=18446462633469000704 reg=12359 val=25
        pipewire-1857    [003] d....   542.441276: v21_regwrite: (_regmap_write+0x0/0x2d0) map=18446462633469000704 reg=12360 val=27
        pipewire-1857    [003] d....   542.441280: v21_regwrite: (_regmap_write+0x0/0x2d0) map=18446462633469000704 reg=12361 val=28
        pipewire-1857    [003] d....   542.441284: v21_regwrite: (_regmap_write+0x0/0x2d0) map=18446462633469000704 reg=12394 val=2
        pipewire-1857    [003] d....   542.441289: v21_regwrite: (_regmap_write+0x0/0x2d0) map=18446462633469000704 reg=12474 val=19
        pipewire-1857    [001] d....   542.441844: v21_regwrite: (_regmap_write+0x0/0x2d0) map=18446462633469000704 reg=12453 val=241
        pipewire-1857    [001] d....   542.441850: v21_regwrite: (_regmap_write+0x0/0x2d0) map=18446462633469000704 reg=12433 val=68
        pipewire-1857    [001] d....   542.441877: sp11_wsa_hw_params: (wsa884x_hw_params+0x0/0x5d8 [snd_soc_wsa884x]) substream=18446462633497239040 params=18446603338466243832 dai=18446462633107996800
        pipewire-1857    [001] d....   542.441879: v21_regwrite: (_regmap_write+0x0/0x2d0) map=18446462633469005824 reg=12299 val=209
        pipewire-1857    [001] d....   542.441884: v21_regwrite: (_regmap_write+0x0/0x2d0) map=18446462633469005824 reg=12293 val=51
        pipewire-1857    [001] d....   542.441889: v21_regwrite: (_regmap_write+0x0/0x2d0) map=18446462633469005824 reg=12294 val=96
        pipewire-1857    [001] d....   542.441893: v21_regwrite: (_regmap_write+0x0/0x2d0) map=18446462633469005824 reg=12291 val=34
        pipewire-1857    [001] d....   542.441897: v21_regwrite: (_regmap_write+0x0/0x2d0) map=18446462633469005824 reg=12292 val=68
        pipewire-1857    [001] d....   542.441901: v21_regwrite: (_regmap_write+0x0/0x2d0) map=18446462633469005824 reg=12448 val=248
        pipewire-1857    [001] d....   542.441906: v21_regwrite: (_regmap_write+0x0/0x2d0) map=18446462633469005824 reg=12432 val=106
        pipewire-1857    [001] d....   542.441911: v21_regwrite: (_regmap_write+0x0/0x2d0) map=18446462633469005824 reg=12458 val=227
        pipewire-1857    [001] d....   542.441915: v21_regwrite: (_regmap_write+0x0/0x2d0) map=18446462633469005824 reg=12433 val=212
        pipewire-1857    [001] d....   542.441919: v21_regwrite: (_regmap_write+0x0/0x2d0) map=18446462633469005824 reg=12352 val=210
        pipewire-1857    [001] d....   542.441923: v21_regwrite: (_regmap_write+0x0/0x2d0) map=18446462633469005824 reg=12364 val=246
        pipewire-1857    [001] d....   542.441927: v21_regwrite: (_regmap_write+0x0/0x2d0) map=18446462633469005824 reg=12357 val=6
        pipewire-1857    [001] d....   542.441932: v21_regwrite: (_regmap_write+0x0/0x2d0) map=18446462633469005824 reg=12358 val=20
        pipewire-1857    [001] d....   542.441936: v21_regwrite: (_regmap_write+0x0/0x2d0) map=18446462633469005824 reg=12359 val=25
        pipewire-1857    [001] d....   542.442459: v21_regwrite: (_regmap_write+0x0/0x2d0) map=18446462633469005824 reg=12360 val=27
        pipewire-1857    [001] d....   542.442463: v21_regwrite: (_regmap_write+0x0/0x2d0) map=18446462633469005824 reg=12361 val=28
        pipewire-1857    [001] d....   542.442467: v21_regwrite: (_regmap_write+0x0/0x2d0) map=18446462633469005824 reg=12394 val=2
        pipewire-1857    [001] d....   542.442472: v21_regwrite: (_regmap_write+0x0/0x2d0) map=18446462633469005824 reg=12474 val=19
        pipewire-1857    [001] d....   542.442476: v21_regwrite: (_regmap_write+0x0/0x2d0) map=18446462633469005824 reg=12453 val=241
        pipewire-1857    [001] d....   542.442480: v21_regwrite: (_regmap_write+0x0/0x2d0) map=18446462633469005824 reg=12433 val=68
        pipewire-1857    [001] d....   542.442500: sp11_swr_hw_params: (qcom_swrm_hw_params+0x0/0x3b0 [soundwire_qcom]) substream=18446462633497239040 params=18446603338466243832 dai=18446462633113470080
        pipewire-1857    [001] d....   542.442521: sp11_wsa_hw_params: (wsa884x_hw_params+0x0/0x5d8 [snd_soc_wsa884x]) substream=18446462633497242112 params=18446603338466243832 dai=18446462633113472128
        pipewire-1857    [001] d....   542.442531: sp11_wsa_hw_params: (wsa884x_hw_params+0x0/0x5d8 [snd_soc_wsa884x]) substream=18446462633497242112 params=18446603338466243832 dai=18446462633107999360
        pipewire-1857    [001] d....   542.442538: sp11_swr_hw_params: (qcom_swrm_hw_params+0x0/0x3b0 [soundwire_qcom]) substream=18446462633497242112 params=18446603338466243832 dai=18446462633113473152
        pipewire-1857    [001] d....   542.442541: sp11_wsa_hw_params: (wsa884x_hw_params+0x0/0x5d8 [snd_soc_wsa884x]) substream=18446462633497237504 params=18446603338466243832 dai=18446462633113476224
        pipewire-1857    [001] d....   542.442549: sp11_wsa_hw_params: (wsa884x_hw_params+0x0/0x5d8 [snd_soc_wsa884x]) substream=18446462633497237504 params=18446603338466243832 dai=18446462633108011136
        pipewire-1857    [001] d....   542.442557: sp11_swr_hw_params: (qcom_swrm_hw_params+0x0/0x3b0 [soundwire_qcom]) substream=18446462633497237504 params=18446603338466243832 dai=18446462633113472640
        pipewire-1857    [001] d....   542.442615: sp11_sdw_prepare: (sdw_prepare_stream+0x0/0x340 [soundwire_bus]) stream=18446462633221910912
        pipewire-1857    [001] d....   542.447652: sp11_sdw_enable: (sdw_enable_stream+0x0/0x1e8 [soundwire_bus]) stream=18446462633221910912
        pipewire-1857    [001] d....   542.451172: sp11_macro_interp: (wsa_macro_enable_interpolator+0x0/0x918 [snd_soc_lpass_wsa_macro]) widget=18446462633275106816 event=1
        pipewire-1857    [001] d....   542.451180: sp11_macro_interp: (wsa_macro_enable_interpolator+0x0/0x918 [snd_soc_lpass_wsa_macro]) widget=18446462633275109376 event=1
        pipewire-1857    [001] d....   542.451192: sp11_macro_interp: (wsa_macro_enable_interpolator+0x0/0x918 [snd_soc_lpass_wsa_macro]) widget=18446462633275106816 event=2
        pipewire-1857    [001] d....   542.451210: sp11_macro_interp: (wsa_macro_enable_interpolator+0x0/0x918 [snd_soc_lpass_wsa_macro]) widget=18446462633275109376 event=2
        pipewire-1857    [001] d....   542.451226: sp11_wsa_spkr_event: (wsa884x_spkr_event+0x0/0x2a0 [snd_soc_wsa884x]) widget=18446462633275072000 event=2
        pipewire-1857    [001] d....   542.451228: v21_regupd: (regmap_update_bits_base+0x0/0xb0) map=18446462633469000704 reg=12321 mask=224 val=0
        pipewire-1857    [001] d....   542.451230: v21_regupd: (regmap_update_bits_base+0x0/0xb0) map=18446462633469000704 reg=12320 mask=224 val=96
        pipewire-1857    [001] d....   542.451231: v21_regupd: (regmap_update_bits_base+0x0/0xb0) map=18446462633469000704 reg=13497 mask=31 val=14
        pipewire-1857    [001] d....   542.451232: v21_regupd: (regmap_update_bits_base+0x0/0xb0) map=18446462633469000704 reg=13488 mask=7 val=0
        pipewire-1857    [001] d....   542.451234: v21_regupd: (regmap_update_bits_base+0x0/0xb0) map=18446462633469000704 reg=13489 mask=1 val=0
        pipewire-1857    [001] d....   542.451235: v21_regupd: (regmap_update_bits_base+0x0/0xb0) map=18446462633469000704 reg=13488 mask=240 val=240
        pipewire-1857    [001] d....   542.451236: v21_regupd: (regmap_update_bits_base+0x0/0xb0) map=18446462633469000704 reg=12433 mask=128 val=0
        pipewire-1857    [001] d....   542.451237: v21_regupd: (regmap_update_bits_base+0x0/0xb0) map=18446462633469000704 reg=12433 mask=124 val=68
        pipewire-1857    [001] d....   542.451238: v21_regupd: (regmap_update_bits_base+0x0/0xb0) map=18446462633469000704 reg=13451 mask=1 val=1
        pipewire-1857    [001] d....   542.451239: v21_regwrite: (_regmap_write+0x0/0x2d0) map=18446462633469000704 reg=13451 val=1
        pipewire-1857    [001] d....   542.451245: sp11_wsa_spkr_event: (wsa884x_spkr_event+0x0/0x2a0 [snd_soc_wsa884x]) widget=18446462633275064832 event=2
        pipewire-1857    [001] d....   542.451246: v21_regupd: (regmap_update_bits_base+0x0/0xb0) map=18446462633469005824 reg=12321 mask=224 val=0
        pipewire-1857    [001] d....   542.451248: v21_regupd: (regmap_update_bits_base+0x0/0xb0) map=18446462633469005824 reg=12320 mask=224 val=96
        pipewire-1857    [001] d....   542.451249: v21_regupd: (regmap_update_bits_base+0x0/0xb0) map=18446462633469005824 reg=13497 mask=31 val=14
        pipewire-1857    [001] d....   542.451250: v21_regupd: (regmap_update_bits_base+0x0/0xb0) map=18446462633469005824 reg=13488 mask=7 val=0
        pipewire-1857    [001] d....   542.451252: v21_regupd: (regmap_update_bits_base+0x0/0xb0) map=18446462633469005824 reg=13489 mask=1 val=0
        pipewire-1857    [001] d....   542.451253: v21_regupd: (regmap_update_bits_base+0x0/0xb0) map=18446462633469005824 reg=13488 mask=240 val=240
        pipewire-1857    [001] d....   542.451253: v21_regupd: (regmap_update_bits_base+0x0/0xb0) map=18446462633469005824 reg=12433 mask=128 val=0
        pipewire-1857    [001] d....   542.451254: v21_regupd: (regmap_update_bits_base+0x0/0xb0) map=18446462633469005824 reg=12433 mask=124 val=68
        pipewire-1857    [001] d....   542.451255: v21_regupd: (regmap_update_bits_base+0x0/0xb0) map=18446462633469005824 reg=13451 mask=1 val=1
        pipewire-1857    [001] d....   542.451256: v21_regwrite: (_regmap_write+0x0/0x2d0) map=18446462633469005824 reg=13451 val=1
        pipewire-1857    [001] d....   542.451338: sp11_sdw_prepare: (sdw_prepare_stream+0x0/0x340 [soundwire_bus]) stream=18446462633221914496
        pipewire-1857    [001] d....   542.455925: sp11_sdw_enable: (sdw_enable_stream+0x0/0x1e8 [soundwire_bus]) stream=18446462633221914496
        pipewire-1857    [001] d....   542.459705: sp11_sdw_prepare: (sdw_prepare_stream+0x0/0x340 [soundwire_bus]) stream=18446462633221911232
        pipewire-1857    [001] d....   542.464322: sp11_sdw_enable: (sdw_enable_stream+0x0/0x1e8 [soundwire_bus]) stream=18446462633221911232
     data-loop.0-1885    [004] d....   542.490400: sp11_wsa_mute: (wsa884x_mute_stream+0x0/0x228 [snd_soc_wsa884x]) dai=18446462633113476736 mute=0 stream=0
     data-loop.0-1885    [004] d....   542.490819: v21_regwrite: (_regmap_write+0x0/0x2d0) map=18446462633469000704 reg=13520 val=103
     data-loop.0-1885    [004] d....   542.490828: v21_regwrite: (_regmap_write+0x0/0x2d0) map=18446462633469000704 reg=12391 val=8
     data-loop.0-1885    [004] d....   542.490833: v21_regwrite: (_regmap_write+0x0/0x2d0) map=18446462633469000704 reg=12365 val=82
     data-loop.0-1885    [004] d....   542.490842: v21_regupd: (regmap_update_bits_base+0x0/0xb0) map=18446462633469000704 reg=13489 mask=1 val=0
     data-loop.0-1885    [004] d....   542.490844: v21_regupd: (regmap_update_bits_base+0x0/0xb0) map=18446462633469000704 reg=13360 mask=1 val=1
     data-loop.0-1885    [004] d....   542.490846: v21_regwrite: (_regmap_write+0x0/0x2d0) map=18446462633469000704 reg=13360 val=1
     data-loop.0-1885    [004] d....   542.490851: v21_regwrite: (_regmap_write+0x0/0x2d0) map=18446462633469000704 reg=12391 val=12
     data-loop.0-1885    [004] d....   542.490855: v21_regwrite: (_regmap_write+0x0/0x2d0) map=18446462633469000704 reg=12365 val=90
     data-loop.0-1885    [004] d....   542.492357: sp11_wsa_mute: (wsa884x_mute_stream+0x0/0x228 [snd_soc_wsa884x]) dai=18446462633107996800 mute=0 stream=0
     data-loop.0-1885    [004] d....   542.492754: v21_regwrite: (_regmap_write+0x0/0x2d0) map=18446462633469005824 reg=13520 val=103
     data-loop.0-1885    [004] d....   542.492761: v21_regwrite: (_regmap_write+0x0/0x2d0) map=18446462633469005824 reg=12391 val=8
     data-loop.0-1885    [004] d....   542.492766: v21_regwrite: (_regmap_write+0x0/0x2d0) map=18446462633469005824 reg=12365 val=82
     data-loop.0-1885    [004] d....   542.492771: v21_regupd: (regmap_update_bits_base+0x0/0xb0) map=18446462633469005824 reg=13489 mask=1 val=0
     data-loop.0-1885    [004] d....   542.492772: v21_regupd: (regmap_update_bits_base+0x0/0xb0) map=18446462633469005824 reg=13360 mask=1 val=1
     data-loop.0-1885    [004] d....   542.492773: v21_regwrite: (_regmap_write+0x0/0x2d0) map=18446462633469005824 reg=13360 val=1
     data-loop.0-1885    [004] d....   542.492777: v21_regwrite: (_regmap_write+0x0/0x2d0) map=18446462633469005824 reg=12391 val=12
     data-loop.0-1885    [004] d....   542.492782: v21_regwrite: (_regmap_write+0x0/0x2d0) map=18446462633469005824 reg=12365 val=90
     data-loop.0-1885    [004] d....   542.494291: sp11_wsa_mute: (wsa884x_mute_stream+0x0/0x228 [snd_soc_wsa884x]) dai=18446462633113472128 mute=0 stream=0
     data-loop.0-1885    [004] d....   542.494294: sp11_wsa_mute: (wsa884x_mute_stream+0x0/0x228 [snd_soc_wsa884x]) dai=18446462633107999360 mute=0 stream=0
     data-loop.0-1885    [004] d....   542.494301: sp11_wsa_mute: (wsa884x_mute_stream+0x0/0x228 [snd_soc_wsa884x]) dai=18446462633113476224 mute=0 stream=0
     data-loop.0-1885    [004] d....   542.494303: sp11_wsa_mute: (wsa884x_mute_stream+0x0/0x228 [snd_soc_wsa884x]) dai=18446462633108011136 mute=0 stream=0
        pipewire-1857    [003] d....   557.498810: sp11_wsa_mute: (wsa884x_mute_stream+0x0/0x228 [snd_soc_wsa884x]) dai=18446462633113476736 mute=1 stream=0
        pipewire-1857    [003] d....   557.498828: v21_regupd: (regmap_update_bits_base+0x0/0xb0) map=18446462633469000704 reg=13489 mask=1 val=0
        pipewire-1857    [003] d....   557.498837: v21_regupd: (regmap_update_bits_base+0x0/0xb0) map=18446462633469000704 reg=13360 mask=1 val=0
        pipewire-1857    [003] d....   557.498845: v21_regwrite: (_regmap_write+0x0/0x2d0) map=18446462633469000704 reg=13360 val=0
        pipewire-1857    [003] d....   557.498860: v21_regwrite: (_regmap_write+0x0/0x2d0) map=18446462633469000704 reg=13520 val=0
        pipewire-1857    [003] d....   557.498866: sp11_wsa_mute: (wsa884x_mute_stream+0x0/0x228 [snd_soc_wsa884x]) dai=18446462633107996800 mute=1 stream=0
        pipewire-1857    [003] d....   557.498868: v21_regupd: (regmap_update_bits_base+0x0/0xb0) map=18446462633469005824 reg=13489 mask=1 val=0
        pipewire-1857    [003] d....   557.498872: v21_regupd: (regmap_update_bits_base+0x0/0xb0) map=18446462633469005824 reg=13360 mask=1 val=0
        pipewire-1857    [003] d....   557.498874: v21_regwrite: (_regmap_write+0x0/0x2d0) map=18446462633469005824 reg=13360 val=0
        pipewire-1857    [003] d....   557.498880: v21_regwrite: (_regmap_write+0x0/0x2d0) map=18446462633469005824 reg=13520 val=0
        pipewire-1857    [003] d....   557.498893: sp11_wsa_mute: (wsa884x_mute_stream+0x0/0x228 [snd_soc_wsa884x]) dai=18446462633113472128 mute=1 stream=0
        pipewire-1857    [003] d....   557.498894: sp11_wsa_mute: (wsa884x_mute_stream+0x0/0x228 [snd_soc_wsa884x]) dai=18446462633107999360 mute=1 stream=0
        pipewire-1857    [003] d....   557.498899: sp11_wsa_mute: (wsa884x_mute_stream+0x0/0x228 [snd_soc_wsa884x]) dai=18446462633113476224 mute=1 stream=0
        pipewire-1857    [003] d....   557.498900: sp11_wsa_mute: (wsa884x_mute_stream+0x0/0x228 [snd_soc_wsa884x]) dai=18446462633108011136 mute=1 stream=0
        pipewire-1857    [003] d....   557.499806: sp11_wsa_spkr_event: (wsa884x_spkr_event+0x0/0x2a0 [snd_soc_wsa884x]) widget=18446462633275072000 event=4
        pipewire-1857    [003] d....   557.499814: v21_regupd: (regmap_update_bits_base+0x0/0xb0) map=18446462633469000704 reg=13451 mask=1 val=0
        pipewire-1857    [003] d....   557.499818: v21_regwrite: (_regmap_write+0x0/0x2d0) map=18446462633469000704 reg=13451 val=0
        pipewire-1857    [003] d....   557.499826: sp11_wsa_spkr_event: (wsa884x_spkr_event+0x0/0x2a0 [snd_soc_wsa884x]) widget=18446462633275064832 event=4
        pipewire-1857    [003] d....   557.499828: v21_regupd: (regmap_update_bits_base+0x0/0xb0) map=18446462633469005824 reg=13451 mask=1 val=0
        pipewire-1857    [003] d....   557.499830: v21_regwrite: (_regmap_write+0x0/0x2d0) map=18446462633469005824 reg=13451 val=0
        pipewire-1857    [003] d....   557.500002: sp11_macro_interp: (wsa_macro_enable_interpolator+0x0/0x918 [snd_soc_lpass_wsa_macro]) widget=18446462633275106816 event=8
        pipewire-1857    [003] d....   557.500037: sp11_macro_interp: (wsa_macro_enable_interpolator+0x0/0x918 [snd_soc_lpass_wsa_macro]) widget=18446462633275109376 event=8
        pipewire-1857    [003] d....   557.500270: sp11_sdw_disable: (sdw_disable_stream+0x0/0x258 [soundwire_bus]) stream=18446462633221910912
        pipewire-1857    [003] d....   557.505029: sp11_sdw_deprepare: (sdw_deprepare_stream+0x0/0x338 [soundwire_bus]) stream=18446462633221910912
        pipewire-1857    [003] d....   557.509728: sp11_sdw_disable: (sdw_disable_stream+0x0/0x258 [soundwire_bus]) stream=18446462633221914496
        pipewire-1857    [003] d....   557.511944: sp11_sdw_deprepare: (sdw_deprepare_stream+0x0/0x338 [soundwire_bus]) stream=18446462633221914496
        pipewire-1857    [000] d....   557.514386: sp11_sdw_disable: (sdw_disable_stream+0x0/0x258 [soundwire_bus]) stream=18446462633221911232
        pipewire-1857    [000] d....   557.515766: sp11_sdw_deprepare: (sdw_deprepare_stream+0x0/0x338 [soundwire_bus]) stream=18446462633221911232
             tee-25837   [008] ...1.   557.627963: tracing_mark_write: V21_REGTRACE_END
