001 closed
002 closed
003 closed
004 closed
005 closed
006 closed
007 closed
008 closed
009 closed
010 closed
011 closed
012 closed
013 closed
014 closed
015 closed
016 closed
017 closed
018 closed
019 closed
020 closed
021 closed
022 closed
023 closed
024 closed
025 closed
026 closed
027 closed
028 closed
029 closed
030 closed
031 closed
032 closed
033 closed
034 closed
035 closed
036 closed
037 closed
038 closed
039 closed
040 closed
041 closed
042 closed
043 closed
044 closed
045 closed
046 closed
047 closed
048 closed
049 closed
050 closed
051 closed
052 closed
053 closed
054 closed
055 closed
056 closed
057 closed
058 closed
059 closed
060 closed
061 closed
062 closed
063 closed
064 closed
065 closed
066 closed
067 closed
068 closed
069 closed
070 closed
071 closed
072 closed
073 closed
074 closed
075 closed
076 closed
077 closed
078 closed
079 closed
080 closed
081 closed
082 closed
083 closed
084 closed
085 closed
086 closed
087 closed
088 closed
089 closed
090 closed
