# tracer: nop
#
# entries-in-buffer/entries-written: 44/44   #P:12
#
#                                _-----=> irqs-off/BH-disabled
#                               / _----=> need-resched
#                              | / _---=> hardirq/softirq
#                              || / _--=> preempt-depth
#                              ||| / _-=> migrate-disable
#                              |||| /     delay
#           TASK-PID     CPU#  |||||  TIMESTAMP  FUNCTION
#              | |         |   |||||     |         |
        pipewire-1768    [006] d....   104.450645: sp11_swr_resume: (swrm_runtime_resume+0x0/0x280 [soundwire_qcom]) dev=18446462633119299600
        pipewire-1768    [006] d....   104.459741: sp11_wsa_hw_params: (wsa884x_hw_params+0x0/0x578 [snd_soc_wsa884x]) substream=18446462633214251520 params=18446603338500715176 dai=18446462633329183872
        pipewire-1768    [006] d....   104.459779: sp11_wsa_hw_params: (wsa884x_hw_params+0x0/0x578 [snd_soc_wsa884x]) substream=18446462633214251520 params=18446603338500715176 dai=18446462633517911680
        pipewire-1768    [006] d....   104.459805: sp11_swr_hw_params: (qcom_swrm_hw_params+0x0/0x3b0 [soundwire_qcom]) substream=18446462633214251520 params=18446603338500715176 dai=18446462633367052928
        pipewire-1768    [006] d....   104.459823: sp11_wsa_hw_params: (wsa884x_hw_params+0x0/0x578 [snd_soc_wsa884x]) substream=18446462633214253568 params=18446603338500715176 dai=18446462633329193600
        pipewire-1768    [006] d....   104.459839: sp11_wsa_hw_params: (wsa884x_hw_params+0x0/0x578 [snd_soc_wsa884x]) substream=18446462633214253568 params=18446603338500715176 dai=18446462633367045248
        pipewire-1768    [006] d....   104.459853: sp11_swr_hw_params: (qcom_swrm_hw_params+0x0/0x3b0 [soundwire_qcom]) substream=18446462633214253568 params=18446603338500715176 dai=18446462633556263552
        pipewire-1768    [006] d....   104.459858: sp11_wsa_hw_params: (wsa884x_hw_params+0x0/0x578 [snd_soc_wsa884x]) substream=18446462633214255616 params=18446603338500715176 dai=18446462633329186432
        pipewire-1768    [006] d....   104.459873: sp11_wsa_hw_params: (wsa884x_hw_params+0x0/0x578 [snd_soc_wsa884x]) substream=18446462633214255616 params=18446603338500715176 dai=18446462633114971776
        pipewire-1768    [006] d....   104.459887: sp11_swr_hw_params: (qcom_swrm_hw_params+0x0/0x3b0 [soundwire_qcom]) substream=18446462633214255616 params=18446603338500715176 dai=18446462633634617984
        pipewire-1768    [006] d....   104.459994: sp11_sdw_prepare: (sdw_prepare_stream+0x0/0x340 [soundwire_bus]) stream=18446462633273280896
        pipewire-1768    [006] d....   104.464633: sp11_sdw_enable: (sdw_enable_stream+0x0/0x1e8 [soundwire_bus]) stream=18446462633273280896
        pipewire-1768    [006] d....   104.467981: sp11_macro_interp: (wsa_macro_enable_interpolator+0x0/0x9b8 [snd_soc_lpass_wsa_macro]) widget=18446462633221054464 event=1
        pipewire-1768    [006] d....   104.467993: sp11_macro_interp: (wsa_macro_enable_interpolator+0x0/0x9b8 [snd_soc_lpass_wsa_macro]) widget=18446462633221047808 event=1
        pipewire-1768    [006] d....   104.468010: sp11_macro_interp: (wsa_macro_enable_interpolator+0x0/0x9b8 [snd_soc_lpass_wsa_macro]) widget=18446462633221054464 event=2
        pipewire-1768    [006] d....   104.468025: sp11_macro_interp: (wsa_macro_enable_interpolator+0x0/0x9b8 [snd_soc_lpass_wsa_macro]) widget=18446462633221047808 event=2
        pipewire-1768    [006] d....   104.468036: sp11_wsa_spkr_event: (wsa884x_spkr_event+0x0/0x290 [snd_soc_wsa884x]) widget=18446462633221048320 event=2
        pipewire-1768    [006] d....   104.468057: sp11_wsa_spkr_event: (wsa884x_spkr_event+0x0/0x290 [snd_soc_wsa884x]) widget=18446462633221057536 event=2
        pipewire-1768    [006] d....   104.468267: sp11_sdw_prepare: (sdw_prepare_stream+0x0/0x340 [soundwire_bus]) stream=18446462633111079552
        pipewire-1768    [006] d....   104.472945: sp11_sdw_enable: (sdw_enable_stream+0x0/0x1e8 [soundwire_bus]) stream=18446462633111079552
        pipewire-1768    [006] d....   104.476955: sp11_sdw_prepare: (sdw_prepare_stream+0x0/0x340 [soundwire_bus]) stream=18446462633273280448
        pipewire-1768    [006] d....   104.481958: sp11_sdw_enable: (sdw_enable_stream+0x0/0x1e8 [soundwire_bus]) stream=18446462633273280448
     data-loop.0-1796    [011] d....   104.535430: sp11_wsa_mute: (wsa884x_mute_stream+0x0/0x230 [snd_soc_wsa884x]) dai=18446462633329183872 mute=0 stream=0
     data-loop.0-1796    [011] d....   104.537327: sp11_wsa_mute: (wsa884x_mute_stream+0x0/0x230 [snd_soc_wsa884x]) dai=18446462633517911680 mute=0 stream=0
     data-loop.0-1796    [011] d....   104.539275: sp11_wsa_mute: (wsa884x_mute_stream+0x0/0x230 [snd_soc_wsa884x]) dai=18446462633329193600 mute=0 stream=0
     data-loop.0-1796    [011] d....   104.539277: sp11_wsa_mute: (wsa884x_mute_stream+0x0/0x230 [snd_soc_wsa884x]) dai=18446462633367045248 mute=0 stream=0
     data-loop.0-1796    [011] d....   104.539283: sp11_wsa_mute: (wsa884x_mute_stream+0x0/0x230 [snd_soc_wsa884x]) dai=18446462633329186432 mute=0 stream=0
     data-loop.0-1796    [011] d....   104.539285: sp11_wsa_mute: (wsa884x_mute_stream+0x0/0x230 [snd_soc_wsa884x]) dai=18446462633114971776 mute=0 stream=0
        pipewire-1768    [011] d....   115.485775: sp11_wsa_mute: (wsa884x_mute_stream+0x0/0x230 [snd_soc_wsa884x]) dai=18446462633329183872 mute=1 stream=0
        pipewire-1768    [011] d....   115.485813: sp11_wsa_mute: (wsa884x_mute_stream+0x0/0x230 [snd_soc_wsa884x]) dai=18446462633517911680 mute=1 stream=0
        pipewire-1768    [011] d....   115.485835: sp11_wsa_mute: (wsa884x_mute_stream+0x0/0x230 [snd_soc_wsa884x]) dai=18446462633329193600 mute=1 stream=0
        pipewire-1768    [011] d....   115.485837: sp11_wsa_mute: (wsa884x_mute_stream+0x0/0x230 [snd_soc_wsa884x]) dai=18446462633367045248 mute=1 stream=0
        pipewire-1768    [011] d....   115.485843: sp11_wsa_mute: (wsa884x_mute_stream+0x0/0x230 [snd_soc_wsa884x]) dai=18446462633329186432 mute=1 stream=0
        pipewire-1768    [011] d....   115.485846: sp11_wsa_mute: (wsa884x_mute_stream+0x0/0x230 [snd_soc_wsa884x]) dai=18446462633114971776 mute=1 stream=0
        pipewire-1768    [010] d....   115.486907: sp11_wsa_spkr_event: (wsa884x_spkr_event+0x0/0x290 [snd_soc_wsa884x]) widget=18446462633221048320 event=4
        pipewire-1768    [010] d....   115.486927: sp11_wsa_spkr_event: (wsa884x_spkr_event+0x0/0x290 [snd_soc_wsa884x]) widget=18446462633221057536 event=4
        pipewire-1768    [010] d....   115.486953: sp11_macro_interp: (wsa_macro_enable_interpolator+0x0/0x9b8 [snd_soc_lpass_wsa_macro]) widget=18446462633221054464 event=8
        pipewire-1768    [010] d....   115.486982: sp11_macro_interp: (wsa_macro_enable_interpolator+0x0/0x9b8 [snd_soc_lpass_wsa_macro]) widget=18446462633221047808 event=8
        pipewire-1768    [010] d....   115.487260: sp11_sdw_disable: (sdw_disable_stream+0x0/0x258 [soundwire_bus]) stream=18446462633273280896
        pipewire-1768    [010] d....   115.494324: sp11_sdw_deprepare: (sdw_deprepare_stream+0x0/0x338 [soundwire_bus]) stream=18446462633273280896
        pipewire-1768    [010] d....   115.503225: sp11_sdw_disable: (sdw_disable_stream+0x0/0x258 [soundwire_bus]) stream=18446462633111079552
        pipewire-1768    [010] d....   115.508640: sp11_sdw_deprepare: (sdw_deprepare_stream+0x0/0x338 [soundwire_bus]) stream=18446462633111079552
        pipewire-1768    [010] d....   115.515011: sp11_sdw_disable: (sdw_disable_stream+0x0/0x258 [soundwire_bus]) stream=18446462633273280448
        pipewire-1768    [010] d....   115.516717: sp11_sdw_deprepare: (sdw_deprepare_stream+0x0/0x338 [soundwire_bus]) stream=18446462633273280448
