# tracer: nop
#
# entries-in-buffer/entries-written: 44/44   #P:12
#
#                                _-----=> irqs-off/BH-disabled
#                               / _----=> need-resched
#                              | / _---=> hardirq/softirq
#                              || / _--=> preempt-depth
#                              ||| / _-=> migrate-disable
#                              |||| /     delay
#           TASK-PID     CPU#  |||||  TIMESTAMP  FUNCTION
#              | |         |   |||||     |         |
        pipewire-1797    [005] d....   792.194380: sp11_swr_resume: (swrm_runtime_resume+0x0/0x280 [soundwire_qcom]) dev=18446462633119435792
        pipewire-1797    [005] d....   792.202030: sp11_wsa_hw_params: (wsa884x_hw_params+0x0/0x578 [snd_soc_wsa884x]) substream=18446462633525771776 params=18446603338469487624 dai=18446462633525725312
        pipewire-1797    [005] d....   792.202078: sp11_wsa_hw_params: (wsa884x_hw_params+0x0/0x578 [snd_soc_wsa884x]) substream=18446462633525771776 params=18446603338469487624 dai=18446462633577062528
        pipewire-1797    [005] d....   792.202114: sp11_swr_hw_params: (qcom_swrm_hw_params+0x0/0x3b0 [soundwire_qcom]) substream=18446462633525771776 params=18446603338469487624 dai=18446462633458034304
        pipewire-1797    [005] d....   792.202136: sp11_wsa_hw_params: (wsa884x_hw_params+0x0/0x578 [snd_soc_wsa884x]) substream=18446462633525766656 params=18446603338469487624 dai=18446462633525726848
        pipewire-1797    [005] d....   792.202159: sp11_wsa_hw_params: (wsa884x_hw_params+0x0/0x578 [snd_soc_wsa884x]) substream=18446462633525766656 params=18446603338469487624 dai=18446462633577068160
        pipewire-1797    [005] d....   792.202179: sp11_swr_hw_params: (qcom_swrm_hw_params+0x0/0x3b0 [soundwire_qcom]) substream=18446462633525766656 params=18446603338469487624 dai=18446462633458030720
        pipewire-1797    [005] d....   792.202185: sp11_wsa_hw_params: (wsa884x_hw_params+0x0/0x578 [snd_soc_wsa884x]) substream=18446462633525764608 params=18446603338469487624 dai=18446462633525729920
        pipewire-1797    [005] d....   792.202207: sp11_wsa_hw_params: (wsa884x_hw_params+0x0/0x578 [snd_soc_wsa884x]) substream=18446462633525764608 params=18446603338469487624 dai=18446462633577058432
        pipewire-1797    [005] d....   792.202228: sp11_swr_hw_params: (qcom_swrm_hw_params+0x0/0x3b0 [soundwire_qcom]) substream=18446462633525764608 params=18446603338469487624 dai=18446462633523036288
        pipewire-1797    [005] d....   792.202338: sp11_sdw_prepare: (sdw_prepare_stream+0x0/0x340 [soundwire_bus]) stream=18446462633264248256
        pipewire-1797    [005] d....   792.207076: sp11_sdw_enable: (sdw_enable_stream+0x0/0x1e8 [soundwire_bus]) stream=18446462633264248256
        pipewire-1797    [005] d....   792.212398: sp11_macro_interp: (wsa_macro_enable_interpolator+0x0/0x918 [snd_soc_lpass_wsa_macro]) widget=18446462633305554944 event=1
        pipewire-1797    [005] d....   792.212406: sp11_macro_interp: (wsa_macro_enable_interpolator+0x0/0x918 [snd_soc_lpass_wsa_macro]) widget=18446462633305555456 event=1
        pipewire-1797    [005] d....   792.212417: sp11_macro_interp: (wsa_macro_enable_interpolator+0x0/0x918 [snd_soc_lpass_wsa_macro]) widget=18446462633305554944 event=2
        pipewire-1797    [005] d....   792.212430: sp11_macro_interp: (wsa_macro_enable_interpolator+0x0/0x918 [snd_soc_lpass_wsa_macro]) widget=18446462633305555456 event=2
        pipewire-1797    [005] d....   792.212444: sp11_wsa_spkr_event: (wsa884x_spkr_event+0x0/0x290 [snd_soc_wsa884x]) widget=18446462633305549312 event=2
        pipewire-1797    [005] d....   792.212469: sp11_wsa_spkr_event: (wsa884x_spkr_event+0x0/0x290 [snd_soc_wsa884x]) widget=18446462633305545728 event=2
        pipewire-1797    [005] d....   792.212723: sp11_sdw_prepare: (sdw_prepare_stream+0x0/0x340 [soundwire_bus]) stream=18446462635860256832
        pipewire-1797    [005] d....   792.217443: sp11_sdw_enable: (sdw_enable_stream+0x0/0x1e8 [soundwire_bus]) stream=18446462635860256832
        pipewire-1797    [005] d....   792.225391: sp11_sdw_prepare: (sdw_prepare_stream+0x0/0x340 [soundwire_bus]) stream=18446462635860256576
        pipewire-1797    [005] d....   792.232376: sp11_sdw_enable: (sdw_enable_stream+0x0/0x1e8 [soundwire_bus]) stream=18446462635860256576
     data-loop.0-1828    [001] d....   792.263631: sp11_wsa_mute: (wsa884x_mute_stream+0x0/0x230 [snd_soc_wsa884x]) dai=18446462633525725312 mute=0 stream=0
     data-loop.0-1828    [001] d....   792.265581: sp11_wsa_mute: (wsa884x_mute_stream+0x0/0x230 [snd_soc_wsa884x]) dai=18446462633577062528 mute=0 stream=0
     data-loop.0-1828    [001] d....   792.267509: sp11_wsa_mute: (wsa884x_mute_stream+0x0/0x230 [snd_soc_wsa884x]) dai=18446462633525726848 mute=0 stream=0
     data-loop.0-1828    [001] d....   792.267510: sp11_wsa_mute: (wsa884x_mute_stream+0x0/0x230 [snd_soc_wsa884x]) dai=18446462633577068160 mute=0 stream=0
     data-loop.0-1828    [001] d....   792.267515: sp11_wsa_mute: (wsa884x_mute_stream+0x0/0x230 [snd_soc_wsa884x]) dai=18446462633525729920 mute=0 stream=0
     data-loop.0-1828    [001] d....   792.267516: sp11_wsa_mute: (wsa884x_mute_stream+0x0/0x230 [snd_soc_wsa884x]) dai=18446462633577058432 mute=0 stream=0
        pipewire-1797    [007] d....   816.272316: sp11_wsa_mute: (wsa884x_mute_stream+0x0/0x230 [snd_soc_wsa884x]) dai=18446462633525725312 mute=1 stream=0
        pipewire-1797    [007] d....   816.272353: sp11_wsa_mute: (wsa884x_mute_stream+0x0/0x230 [snd_soc_wsa884x]) dai=18446462633577062528 mute=1 stream=0
        pipewire-1797    [007] d....   816.272374: sp11_wsa_mute: (wsa884x_mute_stream+0x0/0x230 [snd_soc_wsa884x]) dai=18446462633525726848 mute=1 stream=0
        pipewire-1797    [007] d....   816.272376: sp11_wsa_mute: (wsa884x_mute_stream+0x0/0x230 [snd_soc_wsa884x]) dai=18446462633577068160 mute=1 stream=0
        pipewire-1797    [007] d....   816.272381: sp11_wsa_mute: (wsa884x_mute_stream+0x0/0x230 [snd_soc_wsa884x]) dai=18446462633525729920 mute=1 stream=0
        pipewire-1797    [007] d....   816.272383: sp11_wsa_mute: (wsa884x_mute_stream+0x0/0x230 [snd_soc_wsa884x]) dai=18446462633577058432 mute=1 stream=0
        pipewire-1797    [006] d....   816.273457: sp11_wsa_spkr_event: (wsa884x_spkr_event+0x0/0x290 [snd_soc_wsa884x]) widget=18446462633305549312 event=4
        pipewire-1797    [006] d....   816.273476: sp11_wsa_spkr_event: (wsa884x_spkr_event+0x0/0x290 [snd_soc_wsa884x]) widget=18446462633305545728 event=4
        pipewire-1797    [006] d....   816.273615: sp11_macro_interp: (wsa_macro_enable_interpolator+0x0/0x918 [snd_soc_lpass_wsa_macro]) widget=18446462633305554944 event=8
        pipewire-1797    [006] d....   816.273635: sp11_macro_interp: (wsa_macro_enable_interpolator+0x0/0x918 [snd_soc_lpass_wsa_macro]) widget=18446462633305555456 event=8
        pipewire-1797    [006] d....   816.273801: sp11_sdw_disable: (sdw_disable_stream+0x0/0x258 [soundwire_bus]) stream=18446462633264248256
        pipewire-1797    [006] d....   816.279008: sp11_sdw_deprepare: (sdw_deprepare_stream+0x0/0x338 [soundwire_bus]) stream=18446462633264248256
        pipewire-1797    [006] d....   816.288801: sp11_sdw_disable: (sdw_disable_stream+0x0/0x258 [soundwire_bus]) stream=18446462635860256832
        pipewire-1797    [006] d....   816.293326: sp11_sdw_deprepare: (sdw_deprepare_stream+0x0/0x338 [soundwire_bus]) stream=18446462635860256832
        pipewire-1797    [006] d....   816.299275: sp11_sdw_disable: (sdw_disable_stream+0x0/0x258 [soundwire_bus]) stream=18446462635860256576
        pipewire-1797    [006] d....   816.303766: sp11_sdw_deprepare: (sdw_deprepare_stream+0x0/0x338 [soundwire_bus]) stream=18446462635860256576
