# tracer: nop
#
# entries-in-buffer/entries-written: 44/44   #P:12
#
#                                _-----=> irqs-off/BH-disabled
#                               / _----=> need-resched
#                              | / _---=> hardirq/softirq
#                              || / _--=> preempt-depth
#                              ||| / _-=> migrate-disable
#                              |||| /     delay
#           TASK-PID     CPU#  |||||  TIMESTAMP  FUNCTION
#              | |         |   |||||     |         |
        pipewire-1797    [004] d....   342.015986: sp11_swr_resume: (swrm_runtime_resume+0x0/0x280 [soundwire_qcom]) dev=18446462633119435792
        pipewire-1797    [004] d....   342.038240: sp11_wsa_hw_params: (wsa884x_hw_params+0x0/0x578 [snd_soc_wsa884x]) substream=18446462633525771776 params=18446603338469487304 dai=18446462633525725312
        pipewire-1797    [004] d....   342.038272: sp11_wsa_hw_params: (wsa884x_hw_params+0x0/0x578 [snd_soc_wsa884x]) substream=18446462633525771776 params=18446603338469487304 dai=18446462633577062528
        pipewire-1797    [004] d....   342.038292: sp11_swr_hw_params: (qcom_swrm_hw_params+0x0/0x3b0 [soundwire_qcom]) substream=18446462633525771776 params=18446603338469487304 dai=18446462633458034304
        pipewire-1797    [004] d....   342.038313: sp11_wsa_hw_params: (wsa884x_hw_params+0x0/0x578 [snd_soc_wsa884x]) substream=18446462633525766656 params=18446603338469487304 dai=18446462633525726848
        pipewire-1797    [004] d....   342.038324: sp11_wsa_hw_params: (wsa884x_hw_params+0x0/0x578 [snd_soc_wsa884x]) substream=18446462633525766656 params=18446603338469487304 dai=18446462633577068160
        pipewire-1797    [004] d....   342.038333: sp11_swr_hw_params: (qcom_swrm_hw_params+0x0/0x3b0 [soundwire_qcom]) substream=18446462633525766656 params=18446603338469487304 dai=18446462633458030720
        pipewire-1797    [004] d....   342.038338: sp11_wsa_hw_params: (wsa884x_hw_params+0x0/0x578 [snd_soc_wsa884x]) substream=18446462633525764608 params=18446603338469487304 dai=18446462633525729920
        pipewire-1797    [004] d....   342.038348: sp11_wsa_hw_params: (wsa884x_hw_params+0x0/0x578 [snd_soc_wsa884x]) substream=18446462633525764608 params=18446603338469487304 dai=18446462633577058432
        pipewire-1797    [004] d....   342.038357: sp11_swr_hw_params: (qcom_swrm_hw_params+0x0/0x3b0 [soundwire_qcom]) substream=18446462633525764608 params=18446603338469487304 dai=18446462633523036288
        pipewire-1797    [004] d....   342.038441: sp11_sdw_prepare: (sdw_prepare_stream+0x0/0x340 [soundwire_bus]) stream=18446462633562621888
        pipewire-1797    [004] d....   342.043069: sp11_sdw_enable: (sdw_enable_stream+0x0/0x1e8 [soundwire_bus]) stream=18446462633562621888
        pipewire-1797    [004] d....   342.048628: sp11_macro_interp: (wsa_macro_enable_interpolator+0x0/0x918 [snd_soc_lpass_wsa_macro]) widget=18446462633305554944 event=1
        pipewire-1797    [004] d....   342.048640: sp11_macro_interp: (wsa_macro_enable_interpolator+0x0/0x918 [snd_soc_lpass_wsa_macro]) widget=18446462633305555456 event=1
        pipewire-1797    [004] d....   342.048650: sp11_macro_interp: (wsa_macro_enable_interpolator+0x0/0x918 [snd_soc_lpass_wsa_macro]) widget=18446462633305554944 event=2
        pipewire-1797    [004] d....   342.048664: sp11_macro_interp: (wsa_macro_enable_interpolator+0x0/0x918 [snd_soc_lpass_wsa_macro]) widget=18446462633305555456 event=2
        pipewire-1797    [004] d....   342.048678: sp11_wsa_spkr_event: (wsa884x_spkr_event+0x0/0x290 [snd_soc_wsa884x]) widget=18446462633305549312 event=2
        pipewire-1797    [004] d....   342.048710: sp11_wsa_spkr_event: (wsa884x_spkr_event+0x0/0x290 [snd_soc_wsa884x]) widget=18446462633305545728 event=2
        pipewire-1797    [004] d....   342.048866: sp11_sdw_prepare: (sdw_prepare_stream+0x0/0x340 [soundwire_bus]) stream=18446462633562621696
        pipewire-1797    [004] d....   342.053783: sp11_sdw_enable: (sdw_enable_stream+0x0/0x1e8 [soundwire_bus]) stream=18446462633562621696
        pipewire-1797    [004] d....   342.060545: sp11_sdw_prepare: (sdw_prepare_stream+0x0/0x340 [soundwire_bus]) stream=18446462633562622016
        pipewire-1797    [004] d....   342.069931: sp11_sdw_enable: (sdw_enable_stream+0x0/0x1e8 [soundwire_bus]) stream=18446462633562622016
     data-loop.0-1828    [001] d....   342.131053: sp11_wsa_mute: (wsa884x_mute_stream+0x0/0x230 [snd_soc_wsa884x]) dai=18446462633525725312 mute=0 stream=0
     data-loop.0-1828    [001] d....   342.133001: sp11_wsa_mute: (wsa884x_mute_stream+0x0/0x230 [snd_soc_wsa884x]) dai=18446462633577062528 mute=0 stream=0
     data-loop.0-1828    [001] d....   342.134916: sp11_wsa_mute: (wsa884x_mute_stream+0x0/0x230 [snd_soc_wsa884x]) dai=18446462633525726848 mute=0 stream=0
     data-loop.0-1828    [001] d....   342.134917: sp11_wsa_mute: (wsa884x_mute_stream+0x0/0x230 [snd_soc_wsa884x]) dai=18446462633577068160 mute=0 stream=0
     data-loop.0-1828    [001] d....   342.134921: sp11_wsa_mute: (wsa884x_mute_stream+0x0/0x230 [snd_soc_wsa884x]) dai=18446462633525729920 mute=0 stream=0
     data-loop.0-1828    [001] d....   342.134922: sp11_wsa_mute: (wsa884x_mute_stream+0x0/0x230 [snd_soc_wsa884x]) dai=18446462633577058432 mute=0 stream=0
        pipewire-1797    [008] d....   352.997438: sp11_wsa_mute: (wsa884x_mute_stream+0x0/0x230 [snd_soc_wsa884x]) dai=18446462633525725312 mute=1 stream=0
        pipewire-1797    [008] d....   352.997475: sp11_wsa_mute: (wsa884x_mute_stream+0x0/0x230 [snd_soc_wsa884x]) dai=18446462633577062528 mute=1 stream=0
        pipewire-1797    [008] d....   352.997497: sp11_wsa_mute: (wsa884x_mute_stream+0x0/0x230 [snd_soc_wsa884x]) dai=18446462633525726848 mute=1 stream=0
        pipewire-1797    [008] d....   352.997499: sp11_wsa_mute: (wsa884x_mute_stream+0x0/0x230 [snd_soc_wsa884x]) dai=18446462633577068160 mute=1 stream=0
        pipewire-1797    [008] d....   352.997504: sp11_wsa_mute: (wsa884x_mute_stream+0x0/0x230 [snd_soc_wsa884x]) dai=18446462633525729920 mute=1 stream=0
        pipewire-1797    [008] d....   352.997506: sp11_wsa_mute: (wsa884x_mute_stream+0x0/0x230 [snd_soc_wsa884x]) dai=18446462633577058432 mute=1 stream=0
        pipewire-1797    [008] d....   352.998581: sp11_wsa_spkr_event: (wsa884x_spkr_event+0x0/0x290 [snd_soc_wsa884x]) widget=18446462633305549312 event=4
        pipewire-1797    [008] d....   352.998598: sp11_wsa_spkr_event: (wsa884x_spkr_event+0x0/0x290 [snd_soc_wsa884x]) widget=18446462633305545728 event=4
        pipewire-1797    [008] d....   352.998736: sp11_macro_interp: (wsa_macro_enable_interpolator+0x0/0x918 [snd_soc_lpass_wsa_macro]) widget=18446462633305554944 event=8
        pipewire-1797    [008] d....   352.998756: sp11_macro_interp: (wsa_macro_enable_interpolator+0x0/0x918 [snd_soc_lpass_wsa_macro]) widget=18446462633305555456 event=8
        pipewire-1797    [010] d....   352.999081: sp11_sdw_disable: (sdw_disable_stream+0x0/0x258 [soundwire_bus]) stream=18446462633562621888
        pipewire-1797    [010] d....   353.004336: sp11_sdw_deprepare: (sdw_deprepare_stream+0x0/0x338 [soundwire_bus]) stream=18446462633562621888
        pipewire-1797    [010] d....   353.013458: sp11_sdw_disable: (sdw_disable_stream+0x0/0x258 [soundwire_bus]) stream=18446462633562621696
        pipewire-1797    [010] d....   353.020379: sp11_sdw_deprepare: (sdw_deprepare_stream+0x0/0x338 [soundwire_bus]) stream=18446462633562621696
        pipewire-1797    [010] d....   353.023064: sp11_sdw_disable: (sdw_disable_stream+0x0/0x258 [soundwire_bus]) stream=18446462633562622016
        pipewire-1797    [010] d....   353.024478: sp11_sdw_deprepare: (sdw_deprepare_stream+0x0/0x338 [soundwire_bus]) stream=18446462633562622016
